CRITICAL - 2026-05-11 10:59:27 --> ParseError: syntax error, unexpected token "public", expecting end of file
[Method: GET, Route: program]
in APPPATH/Controllers/ProgrammeController.php on line 245.
 1 SYSTEMPATH/Autoloader/Autoloader.php(295): CodeIgniter\Autoloader\Autoloader->includeFile('/Users/faniryniaina/Documents/ITU/L2/S4/Systeme D\'info/TP-Regime/commejaime/app/Controllers/ProgrammeController.php')
 2 SYSTEMPATH/Autoloader/Autoloader.php(271): CodeIgniter\Autoloader\Autoloader->loadInNamespace('App\\Controllers\\ProgrammeController')
 3 [internal function]: CodeIgniter\Autoloader\Autoloader->loadClass('App\\Controllers\\ProgrammeController')
 4 SYSTEMPATH/Router/Router.php(792): class_exists('\\App\\Controllers\\ProgrammeController')
 5 SYSTEMPATH/Router/Router.php(230): CodeIgniter\Router\Router->processRouteAttributes()
 6 SYSTEMPATH/CodeIgniter.php(829): CodeIgniter\Router\Router->handle('program')
 7 SYSTEMPATH/CodeIgniter.php(441): CodeIgniter\CodeIgniter->tryToRouteIt(Object(CodeIgniter\Router\RouteCollection))
 8 SYSTEMPATH/CodeIgniter.php(340): CodeIgniter\CodeIgniter->handleRequest(null, Object(Config\Cache), false)
 9 SYSTEMPATH/Boot.php(417): CodeIgniter\CodeIgniter->run()
10 SYSTEMPATH/Boot.php(68): CodeIgniter\Boot::runCodeIgniter(Object(CodeIgniter\CodeIgniter))
11 FCPATH/index.php(59): CodeIgniter\Boot::bootWeb(Object(Config\Paths))
CRITICAL - 2026-05-11 10:59:32 --> ParseError: syntax error, unexpected token "public", expecting end of file
[Method: GET, Route: program]
in APPPATH/Controllers/ProgrammeController.php on line 245.
 1 SYSTEMPATH/Autoloader/Autoloader.php(295): CodeIgniter\Autoloader\Autoloader->includeFile('/Users/faniryniaina/Documents/ITU/L2/S4/Systeme D\'info/TP-Regime/commejaime/app/Controllers/ProgrammeController.php')
 2 SYSTEMPATH/Autoloader/Autoloader.php(271): CodeIgniter\Autoloader\Autoloader->loadInNamespace('App\\Controllers\\ProgrammeController')
 3 [internal function]: CodeIgniter\Autoloader\Autoloader->loadClass('App\\Controllers\\ProgrammeController')
 4 SYSTEMPATH/Router/Router.php(792): class_exists('\\App\\Controllers\\ProgrammeController')
 5 SYSTEMPATH/Router/Router.php(230): CodeIgniter\Router\Router->processRouteAttributes()
 6 SYSTEMPATH/CodeIgniter.php(829): CodeIgniter\Router\Router->handle('program')
 7 SYSTEMPATH/CodeIgniter.php(441): CodeIgniter\CodeIgniter->tryToRouteIt(Object(CodeIgniter\Router\RouteCollection))
 8 SYSTEMPATH/CodeIgniter.php(340): CodeIgniter\CodeIgniter->handleRequest(null, Object(Config\Cache), false)
 9 SYSTEMPATH/Boot.php(417): CodeIgniter\CodeIgniter->run()
10 SYSTEMPATH/Boot.php(68): CodeIgniter\Boot::runCodeIgniter(Object(CodeIgniter\CodeIgniter))
11 FCPATH/index.php(59): CodeIgniter\Boot::bootWeb(Object(Config\Paths))
ERROR - 2026-05-11 10:59:34 --> Table 'commejaime.inscriptionprogramme' doesn't exist
in SYSTEMPATH/Database/MySQLi/Connection.php on line 300.
 1 SYSTEMPATH/Database/MySQLi/Connection.php(300): mysqli->query('SELECT `p`.`id`, `p`.`nom`, `p`.`nombreJour`, `p`.`poids`, `p`.`objId`
FROM `inscriptionProgramme` `ip`
JOIN `programme` `p` ON `p`.`id` = `ip`.`programmeId`
WHERE `ip`.`userId` = \'4\'', 0)
 2 SYSTEMPATH/Database/BaseConnection.php(910): CodeIgniter\Database\MySQLi\Connection->execute('SELECT `p`.`id`, `p`.`nom`, `p`.`nombreJour`, `p`.`poids`, `p`.`objId`
FROM `inscriptionProgramme` `ip`
JOIN `programme` `p` ON `p`.`id` = `ip`.`programmeId`
WHERE `ip`.`userId` = \'4\'')
 3 SYSTEMPATH/Database/BaseConnection.php(827): CodeIgniter\Database\BaseConnection->simpleQuery('SELECT `p`.`id`, `p`.`nom`, `p`.`nombreJour`, `p`.`poids`, `p`.`objId`
FROM `inscriptionProgramme` `ip`
JOIN `programme` `p` ON `p`.`id` = `ip`.`programmeId`
WHERE `ip`.`userId` = \'4\'')
 4 SYSTEMPATH/Database/BaseBuilder.php(1649): CodeIgniter\Database\BaseConnection->query('SELECT `p`.`id`, `p`.`nom`, `p`.`nombreJour`, `p`.`poids`, `p`.`objId`
FROM `inscriptionProgramme` `ip`
JOIN `programme` `p` ON `p`.`id` = `ip`.`programmeId`
WHERE `ip`.`userId` = :ip.userId:', [...], false)
 5 APPPATH/Controllers/ProfilController.php(29): CodeIgniter\Database\BaseBuilder->get()
 6 SYSTEMPATH/CodeIgniter.php(951): App\Controllers\ProfilController->index()
 7 SYSTEMPATH/CodeIgniter.php(497): CodeIgniter\CodeIgniter->runController(Object(App\Controllers\ProfilController))
 8 SYSTEMPATH/CodeIgniter.php(340): CodeIgniter\CodeIgniter->handleRequest(null, Object(Config\Cache), false)
 9 SYSTEMPATH/Boot.php(417): CodeIgniter\CodeIgniter->run()
10 SYSTEMPATH/Boot.php(68): CodeIgniter\Boot::runCodeIgniter(Object(CodeIgniter\CodeIgniter))
11 FCPATH/index.php(59): CodeIgniter\Boot::bootWeb(Object(Config\Paths))
CRITICAL - 2026-05-11 10:59:34 --> CodeIgniter\Database\Exceptions\DatabaseException: Table 'commejaime.inscriptionprogramme' doesn't exist
[Method: GET, Route: profil]
in SYSTEMPATH/Database/BaseConnection.php on line 865.
 1 SYSTEMPATH/Database/BaseBuilder.php(1649): CodeIgniter\Database\BaseConnection->query('SELECT `p`.`id`, `p`.`nom`, `p`.`nombreJour`, `p`.`poids`, `p`.`objId`
FROM `inscriptionProgramme` `ip`
JOIN `programme` `p` ON `p`.`id` = `ip`.`programmeId`
WHERE `ip`.`userId` = :ip.userId:', [...], false)
 2 APPPATH/Controllers/ProfilController.php(29): CodeIgniter\Database\BaseBuilder->get()
 3 SYSTEMPATH/CodeIgniter.php(951): App\Controllers\ProfilController->index()
 4 SYSTEMPATH/CodeIgniter.php(497): CodeIgniter\CodeIgniter->runController(Object(App\Controllers\ProfilController))
 5 SYSTEMPATH/CodeIgniter.php(340): CodeIgniter\CodeIgniter->handleRequest(null, Object(Config\Cache), false)
 6 SYSTEMPATH/Boot.php(417): CodeIgniter\CodeIgniter->run()
 7 SYSTEMPATH/Boot.php(68): CodeIgniter\Boot::runCodeIgniter(Object(CodeIgniter\CodeIgniter))
 8 FCPATH/index.php(59): CodeIgniter\Boot::bootWeb(Object(Config\Paths))
CRITICAL - 2026-05-11 10:59:34 --> [Caused by] CodeIgniter\Database\Exceptions\DatabaseException: Table 'commejaime.inscriptionprogramme' doesn't exist
in SYSTEMPATH/Database/MySQLi/Connection.php on line 310.
 1 SYSTEMPATH/Database/BaseConnection.php(910): CodeIgniter\Database\MySQLi\Connection->execute('SELECT `p`.`id`, `p`.`nom`, `p`.`nombreJour`, `p`.`poids`, `p`.`objId`
FROM `inscriptionProgramme` `ip`
JOIN `programme` `p` ON `p`.`id` = `ip`.`programmeId`
WHERE `ip`.`userId` = \'4\'')
 2 SYSTEMPATH/Database/BaseConnection.php(827): CodeIgniter\Database\BaseConnection->simpleQuery('SELECT `p`.`id`, `p`.`nom`, `p`.`nombreJour`, `p`.`poids`, `p`.`objId`
FROM `inscriptionProgramme` `ip`
JOIN `programme` `p` ON `p`.`id` = `ip`.`programmeId`
WHERE `ip`.`userId` = \'4\'')
 3 SYSTEMPATH/Database/BaseBuilder.php(1649): CodeIgniter\Database\BaseConnection->query('SELECT `p`.`id`, `p`.`nom`, `p`.`nombreJour`, `p`.`poids`, `p`.`objId`
FROM `inscriptionProgramme` `ip`
JOIN `programme` `p` ON `p`.`id` = `ip`.`programmeId`
WHERE `ip`.`userId` = :ip.userId:', [...], false)
 4 APPPATH/Controllers/ProfilController.php(29): CodeIgniter\Database\BaseBuilder->get()
 5 SYSTEMPATH/CodeIgniter.php(951): App\Controllers\ProfilController->index()
 6 SYSTEMPATH/CodeIgniter.php(497): CodeIgniter\CodeIgniter->runController(Object(App\Controllers\ProfilController))
 7 SYSTEMPATH/CodeIgniter.php(340): CodeIgniter\CodeIgniter->handleRequest(null, Object(Config\Cache), false)
 8 SYSTEMPATH/Boot.php(417): CodeIgniter\CodeIgniter->run()
 9 SYSTEMPATH/Boot.php(68): CodeIgniter\Boot::runCodeIgniter(Object(CodeIgniter\CodeIgniter))
10 FCPATH/index.php(59): CodeIgniter\Boot::bootWeb(Object(Config\Paths))
CRITICAL - 2026-05-11 10:59:34 --> [Caused by] mysqli_sql_exception: Table 'commejaime.inscriptionprogramme' doesn't exist
in SYSTEMPATH/Database/MySQLi/Connection.php on line 300.
 1 SYSTEMPATH/Database/MySQLi/Connection.php(300): mysqli->query('SELECT `p`.`id`, `p`.`nom`, `p`.`nombreJour`, `p`.`poids`, `p`.`objId`
FROM `inscriptionProgramme` `ip`
JOIN `programme` `p` ON `p`.`id` = `ip`.`programmeId`
WHERE `ip`.`userId` = \'4\'', 0)
 2 SYSTEMPATH/Database/BaseConnection.php(910): CodeIgniter\Database\MySQLi\Connection->execute('SELECT `p`.`id`, `p`.`nom`, `p`.`nombreJour`, `p`.`poids`, `p`.`objId`
FROM `inscriptionProgramme` `ip`
JOIN `programme` `p` ON `p`.`id` = `ip`.`programmeId`
WHERE `ip`.`userId` = \'4\'')
 3 SYSTEMPATH/Database/BaseConnection.php(827): CodeIgniter\Database\BaseConnection->simpleQuery('SELECT `p`.`id`, `p`.`nom`, `p`.`nombreJour`, `p`.`poids`, `p`.`objId`
FROM `inscriptionProgramme` `ip`
JOIN `programme` `p` ON `p`.`id` = `ip`.`programmeId`
WHERE `ip`.`userId` = \'4\'')
 4 SYSTEMPATH/Database/BaseBuilder.php(1649): CodeIgniter\Database\BaseConnection->query('SELECT `p`.`id`, `p`.`nom`, `p`.`nombreJour`, `p`.`poids`, `p`.`objId`
FROM `inscriptionProgramme` `ip`
JOIN `programme` `p` ON `p`.`id` = `ip`.`programmeId`
WHERE `ip`.`userId` = :ip.userId:', [...], false)
 5 APPPATH/Controllers/ProfilController.php(29): CodeIgniter\Database\BaseBuilder->get()
 6 SYSTEMPATH/CodeIgniter.php(951): App\Controllers\ProfilController->index()
 7 SYSTEMPATH/CodeIgniter.php(497): CodeIgniter\CodeIgniter->runController(Object(App\Controllers\ProfilController))
 8 SYSTEMPATH/CodeIgniter.php(340): CodeIgniter\CodeIgniter->handleRequest(null, Object(Config\Cache), false)
 9 SYSTEMPATH/Boot.php(417): CodeIgniter\CodeIgniter->run()
10 SYSTEMPATH/Boot.php(68): CodeIgniter\Boot::runCodeIgniter(Object(CodeIgniter\CodeIgniter))
11 FCPATH/index.php(59): CodeIgniter\Boot::bootWeb(Object(Config\Paths))
ERROR - 2026-05-11 10:59:40 --> Table 'commejaime.inscriptionprogramme' doesn't exist
in SYSTEMPATH/Database/MySQLi/Connection.php on line 300.
 1 SYSTEMPATH/Database/MySQLi/Connection.php(300): mysqli->query('SELECT `p`.`id`, `p`.`nom`, `p`.`nombreJour`, `p`.`poids`, `p`.`objId`
FROM `inscriptionProgramme` `ip`
JOIN `programme` `p` ON `p`.`id` = `ip`.`programmeId`
WHERE `ip`.`userId` = \'4\'', 0)
 2 SYSTEMPATH/Database/BaseConnection.php(910): CodeIgniter\Database\MySQLi\Connection->execute('SELECT `p`.`id`, `p`.`nom`, `p`.`nombreJour`, `p`.`poids`, `p`.`objId`
FROM `inscriptionProgramme` `ip`
JOIN `programme` `p` ON `p`.`id` = `ip`.`programmeId`
WHERE `ip`.`userId` = \'4\'')
 3 SYSTEMPATH/Database/BaseConnection.php(827): CodeIgniter\Database\BaseConnection->simpleQuery('SELECT `p`.`id`, `p`.`nom`, `p`.`nombreJour`, `p`.`poids`, `p`.`objId`
FROM `inscriptionProgramme` `ip`
JOIN `programme` `p` ON `p`.`id` = `ip`.`programmeId`
WHERE `ip`.`userId` = \'4\'')
 4 SYSTEMPATH/Database/BaseBuilder.php(1649): CodeIgniter\Database\BaseConnection->query('SELECT `p`.`id`, `p`.`nom`, `p`.`nombreJour`, `p`.`poids`, `p`.`objId`
FROM `inscriptionProgramme` `ip`
JOIN `programme` `p` ON `p`.`id` = `ip`.`programmeId`
WHERE `ip`.`userId` = :ip.userId:', [...], false)
 5 APPPATH/Controllers/ProfilController.php(29): CodeIgniter\Database\BaseBuilder->get()
 6 SYSTEMPATH/CodeIgniter.php(951): App\Controllers\ProfilController->index()
 7 SYSTEMPATH/CodeIgniter.php(497): CodeIgniter\CodeIgniter->runController(Object(App\Controllers\ProfilController))
 8 SYSTEMPATH/CodeIgniter.php(340): CodeIgniter\CodeIgniter->handleRequest(null, Object(Config\Cache), false)
 9 SYSTEMPATH/Boot.php(417): CodeIgniter\CodeIgniter->run()
10 SYSTEMPATH/Boot.php(68): CodeIgniter\Boot::runCodeIgniter(Object(CodeIgniter\CodeIgniter))
11 FCPATH/index.php(59): CodeIgniter\Boot::bootWeb(Object(Config\Paths))
CRITICAL - 2026-05-11 10:59:40 --> CodeIgniter\Database\Exceptions\DatabaseException: Table 'commejaime.inscriptionprogramme' doesn't exist
[Method: GET, Route: profil]
in SYSTEMPATH/Database/BaseConnection.php on line 865.
 1 SYSTEMPATH/Database/BaseBuilder.php(1649): CodeIgniter\Database\BaseConnection->query('SELECT `p`.`id`, `p`.`nom`, `p`.`nombreJour`, `p`.`poids`, `p`.`objId`
FROM `inscriptionProgramme` `ip`
JOIN `programme` `p` ON `p`.`id` = `ip`.`programmeId`
WHERE `ip`.`userId` = :ip.userId:', [...], false)
 2 APPPATH/Controllers/ProfilController.php(29): CodeIgniter\Database\BaseBuilder->get()
 3 SYSTEMPATH/CodeIgniter.php(951): App\Controllers\ProfilController->index()
 4 SYSTEMPATH/CodeIgniter.php(497): CodeIgniter\CodeIgniter->runController(Object(App\Controllers\ProfilController))
 5 SYSTEMPATH/CodeIgniter.php(340): CodeIgniter\CodeIgniter->handleRequest(null, Object(Config\Cache), false)
 6 SYSTEMPATH/Boot.php(417): CodeIgniter\CodeIgniter->run()
 7 SYSTEMPATH/Boot.php(68): CodeIgniter\Boot::runCodeIgniter(Object(CodeIgniter\CodeIgniter))
 8 FCPATH/index.php(59): CodeIgniter\Boot::bootWeb(Object(Config\Paths))
CRITICAL - 2026-05-11 10:59:40 --> [Caused by] CodeIgniter\Database\Exceptions\DatabaseException: Table 'commejaime.inscriptionprogramme' doesn't exist
in SYSTEMPATH/Database/MySQLi/Connection.php on line 310.
 1 SYSTEMPATH/Database/BaseConnection.php(910): CodeIgniter\Database\MySQLi\Connection->execute('SELECT `p`.`id`, `p`.`nom`, `p`.`nombreJour`, `p`.`poids`, `p`.`objId`
FROM `inscriptionProgramme` `ip`
JOIN `programme` `p` ON `p`.`id` = `ip`.`programmeId`
WHERE `ip`.`userId` = \'4\'')
 2 SYSTEMPATH/Database/BaseConnection.php(827): CodeIgniter\Database\BaseConnection->simpleQuery('SELECT `p`.`id`, `p`.`nom`, `p`.`nombreJour`, `p`.`poids`, `p`.`objId`
FROM `inscriptionProgramme` `ip`
JOIN `programme` `p` ON `p`.`id` = `ip`.`programmeId`
WHERE `ip`.`userId` = \'4\'')
 3 SYSTEMPATH/Database/BaseBuilder.php(1649): CodeIgniter\Database\BaseConnection->query('SELECT `p`.`id`, `p`.`nom`, `p`.`nombreJour`, `p`.`poids`, `p`.`objId`
FROM `inscriptionProgramme` `ip`
JOIN `programme` `p` ON `p`.`id` = `ip`.`programmeId`
WHERE `ip`.`userId` = :ip.userId:', [...], false)
 4 APPPATH/Controllers/ProfilController.php(29): CodeIgniter\Database\BaseBuilder->get()
 5 SYSTEMPATH/CodeIgniter.php(951): App\Controllers\ProfilController->index()
 6 SYSTEMPATH/CodeIgniter.php(497): CodeIgniter\CodeIgniter->runController(Object(App\Controllers\ProfilController))
 7 SYSTEMPATH/CodeIgniter.php(340): CodeIgniter\CodeIgniter->handleRequest(null, Object(Config\Cache), false)
 8 SYSTEMPATH/Boot.php(417): CodeIgniter\CodeIgniter->run()
 9 SYSTEMPATH/Boot.php(68): CodeIgniter\Boot::runCodeIgniter(Object(CodeIgniter\CodeIgniter))
10 FCPATH/index.php(59): CodeIgniter\Boot::bootWeb(Object(Config\Paths))
CRITICAL - 2026-05-11 10:59:40 --> [Caused by] mysqli_sql_exception: Table 'commejaime.inscriptionprogramme' doesn't exist
in SYSTEMPATH/Database/MySQLi/Connection.php on line 300.
 1 SYSTEMPATH/Database/MySQLi/Connection.php(300): mysqli->query('SELECT `p`.`id`, `p`.`nom`, `p`.`nombreJour`, `p`.`poids`, `p`.`objId`
FROM `inscriptionProgramme` `ip`
JOIN `programme` `p` ON `p`.`id` = `ip`.`programmeId`
WHERE `ip`.`userId` = \'4\'', 0)
 2 SYSTEMPATH/Database/BaseConnection.php(910): CodeIgniter\Database\MySQLi\Connection->execute('SELECT `p`.`id`, `p`.`nom`, `p`.`nombreJour`, `p`.`poids`, `p`.`objId`
FROM `inscriptionProgramme` `ip`
JOIN `programme` `p` ON `p`.`id` = `ip`.`programmeId`
WHERE `ip`.`userId` = \'4\'')
 3 SYSTEMPATH/Database/BaseConnection.php(827): CodeIgniter\Database\BaseConnection->simpleQuery('SELECT `p`.`id`, `p`.`nom`, `p`.`nombreJour`, `p`.`poids`, `p`.`objId`
FROM `inscriptionProgramme` `ip`
JOIN `programme` `p` ON `p`.`id` = `ip`.`programmeId`
WHERE `ip`.`userId` = \'4\'')
 4 SYSTEMPATH/Database/BaseBuilder.php(1649): CodeIgniter\Database\BaseConnection->query('SELECT `p`.`id`, `p`.`nom`, `p`.`nombreJour`, `p`.`poids`, `p`.`objId`
FROM `inscriptionProgramme` `ip`
JOIN `programme` `p` ON `p`.`id` = `ip`.`programmeId`
WHERE `ip`.`userId` = :ip.userId:', [...], false)
 5 APPPATH/Controllers/ProfilController.php(29): CodeIgniter\Database\BaseBuilder->get()
 6 SYSTEMPATH/CodeIgniter.php(951): App\Controllers\ProfilController->index()
 7 SYSTEMPATH/CodeIgniter.php(497): CodeIgniter\CodeIgniter->runController(Object(App\Controllers\ProfilController))
 8 SYSTEMPATH/CodeIgniter.php(340): CodeIgniter\CodeIgniter->handleRequest(null, Object(Config\Cache), false)
 9 SYSTEMPATH/Boot.php(417): CodeIgniter\CodeIgniter->run()
10 SYSTEMPATH/Boot.php(68): CodeIgniter\Boot::runCodeIgniter(Object(CodeIgniter\CodeIgniter))
11 FCPATH/index.php(59): CodeIgniter\Boot::bootWeb(Object(Config\Paths))
ERROR - 2026-05-11 11:18:30 --> Table 'commejaime.inscriptionprogramme' doesn't exist
in SYSTEMPATH/Database/MySQLi/Connection.php on line 300.
 1 SYSTEMPATH/Database/MySQLi/Connection.php(300): mysqli->query('SELECT `p`.`id`, `p`.`nom`, `p`.`nombreJour`, `p`.`poids`, `p`.`objId`
FROM `inscriptionProgramme` `ip`
JOIN `programme` `p` ON `p`.`id` = `ip`.`programmeId`
WHERE `ip`.`userId` = \'4\'', 0)
 2 SYSTEMPATH/Database/BaseConnection.php(910): CodeIgniter\Database\MySQLi\Connection->execute('SELECT `p`.`id`, `p`.`nom`, `p`.`nombreJour`, `p`.`poids`, `p`.`objId`
FROM `inscriptionProgramme` `ip`
JOIN `programme` `p` ON `p`.`id` = `ip`.`programmeId`
WHERE `ip`.`userId` = \'4\'')
 3 SYSTEMPATH/Database/BaseConnection.php(827): CodeIgniter\Database\BaseConnection->simpleQuery('SELECT `p`.`id`, `p`.`nom`, `p`.`nombreJour`, `p`.`poids`, `p`.`objId`
FROM `inscriptionProgramme` `ip`
JOIN `programme` `p` ON `p`.`id` = `ip`.`programmeId`
WHERE `ip`.`userId` = \'4\'')
 4 SYSTEMPATH/Database/BaseBuilder.php(1649): CodeIgniter\Database\BaseConnection->query('SELECT `p`.`id`, `p`.`nom`, `p`.`nombreJour`, `p`.`poids`, `p`.`objId`
FROM `inscriptionProgramme` `ip`
JOIN `programme` `p` ON `p`.`id` = `ip`.`programmeId`
WHERE `ip`.`userId` = :ip.userId:', [...], false)
 5 APPPATH/Controllers/ProfilController.php(42): CodeIgniter\Database\BaseBuilder->get()
 6 SYSTEMPATH/CodeIgniter.php(951): App\Controllers\ProfilController->index()
 7 SYSTEMPATH/CodeIgniter.php(497): CodeIgniter\CodeIgniter->runController(Object(App\Controllers\ProfilController))
 8 SYSTEMPATH/CodeIgniter.php(340): CodeIgniter\CodeIgniter->handleRequest(null, Object(Config\Cache), false)
 9 SYSTEMPATH/Boot.php(417): CodeIgniter\CodeIgniter->run()
10 SYSTEMPATH/Boot.php(68): CodeIgniter\Boot::runCodeIgniter(Object(CodeIgniter\CodeIgniter))
11 FCPATH/index.php(59): CodeIgniter\Boot::bootWeb(Object(Config\Paths))
CRITICAL - 2026-05-11 11:18:30 --> CodeIgniter\Database\Exceptions\DatabaseException: Table 'commejaime.inscriptionprogramme' doesn't exist
[Method: GET, Route: profil]
in SYSTEMPATH/Database/BaseConnection.php on line 865.
 1 SYSTEMPATH/Database/BaseBuilder.php(1649): CodeIgniter\Database\BaseConnection->query('SELECT `p`.`id`, `p`.`nom`, `p`.`nombreJour`, `p`.`poids`, `p`.`objId`
FROM `inscriptionProgramme` `ip`
JOIN `programme` `p` ON `p`.`id` = `ip`.`programmeId`
WHERE `ip`.`userId` = :ip.userId:', [...], false)
 2 APPPATH/Controllers/ProfilController.php(42): CodeIgniter\Database\BaseBuilder->get()
 3 SYSTEMPATH/CodeIgniter.php(951): App\Controllers\ProfilController->index()
 4 SYSTEMPATH/CodeIgniter.php(497): CodeIgniter\CodeIgniter->runController(Object(App\Controllers\ProfilController))
 5 SYSTEMPATH/CodeIgniter.php(340): CodeIgniter\CodeIgniter->handleRequest(null, Object(Config\Cache), false)
 6 SYSTEMPATH/Boot.php(417): CodeIgniter\CodeIgniter->run()
 7 SYSTEMPATH/Boot.php(68): CodeIgniter\Boot::runCodeIgniter(Object(CodeIgniter\CodeIgniter))
 8 FCPATH/index.php(59): CodeIgniter\Boot::bootWeb(Object(Config\Paths))
CRITICAL - 2026-05-11 11:18:30 --> [Caused by] CodeIgniter\Database\Exceptions\DatabaseException: Table 'commejaime.inscriptionprogramme' doesn't exist
in SYSTEMPATH/Database/MySQLi/Connection.php on line 310.
 1 SYSTEMPATH/Database/BaseConnection.php(910): CodeIgniter\Database\MySQLi\Connection->execute('SELECT `p`.`id`, `p`.`nom`, `p`.`nombreJour`, `p`.`poids`, `p`.`objId`
FROM `inscriptionProgramme` `ip`
JOIN `programme` `p` ON `p`.`id` = `ip`.`programmeId`
WHERE `ip`.`userId` = \'4\'')
 2 SYSTEMPATH/Database/BaseConnection.php(827): CodeIgniter\Database\BaseConnection->simpleQuery('SELECT `p`.`id`, `p`.`nom`, `p`.`nombreJour`, `p`.`poids`, `p`.`objId`
FROM `inscriptionProgramme` `ip`
JOIN `programme` `p` ON `p`.`id` = `ip`.`programmeId`
WHERE `ip`.`userId` = \'4\'')
 3 SYSTEMPATH/Database/BaseBuilder.php(1649): CodeIgniter\Database\BaseConnection->query('SELECT `p`.`id`, `p`.`nom`, `p`.`nombreJour`, `p`.`poids`, `p`.`objId`
FROM `inscriptionProgramme` `ip`
JOIN `programme` `p` ON `p`.`id` = `ip`.`programmeId`
WHERE `ip`.`userId` = :ip.userId:', [...], false)
 4 APPPATH/Controllers/ProfilController.php(42): CodeIgniter\Database\BaseBuilder->get()
 5 SYSTEMPATH/CodeIgniter.php(951): App\Controllers\ProfilController->index()
 6 SYSTEMPATH/CodeIgniter.php(497): CodeIgniter\CodeIgniter->runController(Object(App\Controllers\ProfilController))
 7 SYSTEMPATH/CodeIgniter.php(340): CodeIgniter\CodeIgniter->handleRequest(null, Object(Config\Cache), false)
 8 SYSTEMPATH/Boot.php(417): CodeIgniter\CodeIgniter->run()
 9 SYSTEMPATH/Boot.php(68): CodeIgniter\Boot::runCodeIgniter(Object(CodeIgniter\CodeIgniter))
10 FCPATH/index.php(59): CodeIgniter\Boot::bootWeb(Object(Config\Paths))
CRITICAL - 2026-05-11 11:18:30 --> [Caused by] mysqli_sql_exception: Table 'commejaime.inscriptionprogramme' doesn't exist
in SYSTEMPATH/Database/MySQLi/Connection.php on line 300.
 1 SYSTEMPATH/Database/MySQLi/Connection.php(300): mysqli->query('SELECT `p`.`id`, `p`.`nom`, `p`.`nombreJour`, `p`.`poids`, `p`.`objId`
FROM `inscriptionProgramme` `ip`
JOIN `programme` `p` ON `p`.`id` = `ip`.`programmeId`
WHERE `ip`.`userId` = \'4\'', 0)
 2 SYSTEMPATH/Database/BaseConnection.php(910): CodeIgniter\Database\MySQLi\Connection->execute('SELECT `p`.`id`, `p`.`nom`, `p`.`nombreJour`, `p`.`poids`, `p`.`objId`
FROM `inscriptionProgramme` `ip`
JOIN `programme` `p` ON `p`.`id` = `ip`.`programmeId`
WHERE `ip`.`userId` = \'4\'')
 3 SYSTEMPATH/Database/BaseConnection.php(827): CodeIgniter\Database\BaseConnection->simpleQuery('SELECT `p`.`id`, `p`.`nom`, `p`.`nombreJour`, `p`.`poids`, `p`.`objId`
FROM `inscriptionProgramme` `ip`
JOIN `programme` `p` ON `p`.`id` = `ip`.`programmeId`
WHERE `ip`.`userId` = \'4\'')
 4 SYSTEMPATH/Database/BaseBuilder.php(1649): CodeIgniter\Database\BaseConnection->query('SELECT `p`.`id`, `p`.`nom`, `p`.`nombreJour`, `p`.`poids`, `p`.`objId`
FROM `inscriptionProgramme` `ip`
JOIN `programme` `p` ON `p`.`id` = `ip`.`programmeId`
WHERE `ip`.`userId` = :ip.userId:', [...], false)
 5 APPPATH/Controllers/ProfilController.php(42): CodeIgniter\Database\BaseBuilder->get()
 6 SYSTEMPATH/CodeIgniter.php(951): App\Controllers\ProfilController->index()
 7 SYSTEMPATH/CodeIgniter.php(497): CodeIgniter\CodeIgniter->runController(Object(App\Controllers\ProfilController))
 8 SYSTEMPATH/CodeIgniter.php(340): CodeIgniter\CodeIgniter->handleRequest(null, Object(Config\Cache), false)
 9 SYSTEMPATH/Boot.php(417): CodeIgniter\CodeIgniter->run()
10 SYSTEMPATH/Boot.php(68): CodeIgniter\Boot::runCodeIgniter(Object(CodeIgniter\CodeIgniter))
11 FCPATH/index.php(59): CodeIgniter\Boot::bootWeb(Object(Config\Paths))
ERROR - 2026-05-11 11:23:06 --> Table 'commejaime.inscriptionprogramme' doesn't exist
in SYSTEMPATH/Database/MySQLi/Connection.php on line 300.
 1 SYSTEMPATH/Database/MySQLi/Connection.php(300): mysqli->query('SELECT `p`.`id`, `p`.`nom`, `p`.`nombreJour`, `p`.`poids`, `p`.`objId`
FROM `inscriptionProgramme` `ip`
JOIN `programme` `p` ON `p`.`id` = `ip`.`programmeId`
WHERE `ip`.`userId` = \'4\'', 0)
 2 SYSTEMPATH/Database/BaseConnection.php(910): CodeIgniter\Database\MySQLi\Connection->execute('SELECT `p`.`id`, `p`.`nom`, `p`.`nombreJour`, `p`.`poids`, `p`.`objId`
FROM `inscriptionProgramme` `ip`
JOIN `programme` `p` ON `p`.`id` = `ip`.`programmeId`
WHERE `ip`.`userId` = \'4\'')
 3 SYSTEMPATH/Database/BaseConnection.php(827): CodeIgniter\Database\BaseConnection->simpleQuery('SELECT `p`.`id`, `p`.`nom`, `p`.`nombreJour`, `p`.`poids`, `p`.`objId`
FROM `inscriptionProgramme` `ip`
JOIN `programme` `p` ON `p`.`id` = `ip`.`programmeId`
WHERE `ip`.`userId` = \'4\'')
 4 SYSTEMPATH/Database/BaseBuilder.php(1649): CodeIgniter\Database\BaseConnection->query('SELECT `p`.`id`, `p`.`nom`, `p`.`nombreJour`, `p`.`poids`, `p`.`objId`
FROM `inscriptionProgramme` `ip`
JOIN `programme` `p` ON `p`.`id` = `ip`.`programmeId`
WHERE `ip`.`userId` = :ip.userId:', [...], false)
 5 APPPATH/Controllers/ProfilController.php(42): CodeIgniter\Database\BaseBuilder->get()
 6 SYSTEMPATH/CodeIgniter.php(951): App\Controllers\ProfilController->index()
 7 SYSTEMPATH/CodeIgniter.php(497): CodeIgniter\CodeIgniter->runController(Object(App\Controllers\ProfilController))
 8 SYSTEMPATH/CodeIgniter.php(340): CodeIgniter\CodeIgniter->handleRequest(null, Object(Config\Cache), false)
 9 SYSTEMPATH/Boot.php(417): CodeIgniter\CodeIgniter->run()
10 SYSTEMPATH/Boot.php(68): CodeIgniter\Boot::runCodeIgniter(Object(CodeIgniter\CodeIgniter))
11 FCPATH/index.php(59): CodeIgniter\Boot::bootWeb(Object(Config\Paths))
CRITICAL - 2026-05-11 11:23:06 --> CodeIgniter\Database\Exceptions\DatabaseException: Table 'commejaime.inscriptionprogramme' doesn't exist
[Method: GET, Route: profil]
in SYSTEMPATH/Database/BaseConnection.php on line 865.
 1 SYSTEMPATH/Database/BaseBuilder.php(1649): CodeIgniter\Database\BaseConnection->query('SELECT `p`.`id`, `p`.`nom`, `p`.`nombreJour`, `p`.`poids`, `p`.`objId`
FROM `inscriptionProgramme` `ip`
JOIN `programme` `p` ON `p`.`id` = `ip`.`programmeId`
WHERE `ip`.`userId` = :ip.userId:', [...], false)
 2 APPPATH/Controllers/ProfilController.php(42): CodeIgniter\Database\BaseBuilder->get()
 3 SYSTEMPATH/CodeIgniter.php(951): App\Controllers\ProfilController->index()
 4 SYSTEMPATH/CodeIgniter.php(497): CodeIgniter\CodeIgniter->runController(Object(App\Controllers\ProfilController))
 5 SYSTEMPATH/CodeIgniter.php(340): CodeIgniter\CodeIgniter->handleRequest(null, Object(Config\Cache), false)
 6 SYSTEMPATH/Boot.php(417): CodeIgniter\CodeIgniter->run()
 7 SYSTEMPATH/Boot.php(68): CodeIgniter\Boot::runCodeIgniter(Object(CodeIgniter\CodeIgniter))
 8 FCPATH/index.php(59): CodeIgniter\Boot::bootWeb(Object(Config\Paths))
CRITICAL - 2026-05-11 11:23:06 --> [Caused by] CodeIgniter\Database\Exceptions\DatabaseException: Table 'commejaime.inscriptionprogramme' doesn't exist
in SYSTEMPATH/Database/MySQLi/Connection.php on line 310.
 1 SYSTEMPATH/Database/BaseConnection.php(910): CodeIgniter\Database\MySQLi\Connection->execute('SELECT `p`.`id`, `p`.`nom`, `p`.`nombreJour`, `p`.`poids`, `p`.`objId`
FROM `inscriptionProgramme` `ip`
JOIN `programme` `p` ON `p`.`id` = `ip`.`programmeId`
WHERE `ip`.`userId` = \'4\'')
 2 SYSTEMPATH/Database/BaseConnection.php(827): CodeIgniter\Database\BaseConnection->simpleQuery('SELECT `p`.`id`, `p`.`nom`, `p`.`nombreJour`, `p`.`poids`, `p`.`objId`
FROM `inscriptionProgramme` `ip`
JOIN `programme` `p` ON `p`.`id` = `ip`.`programmeId`
WHERE `ip`.`userId` = \'4\'')
 3 SYSTEMPATH/Database/BaseBuilder.php(1649): CodeIgniter\Database\BaseConnection->query('SELECT `p`.`id`, `p`.`nom`, `p`.`nombreJour`, `p`.`poids`, `p`.`objId`
FROM `inscriptionProgramme` `ip`
JOIN `programme` `p` ON `p`.`id` = `ip`.`programmeId`
WHERE `ip`.`userId` = :ip.userId:', [...], false)
 4 APPPATH/Controllers/ProfilController.php(42): CodeIgniter\Database\BaseBuilder->get()
 5 SYSTEMPATH/CodeIgniter.php(951): App\Controllers\ProfilController->index()
 6 SYSTEMPATH/CodeIgniter.php(497): CodeIgniter\CodeIgniter->runController(Object(App\Controllers\ProfilController))
 7 SYSTEMPATH/CodeIgniter.php(340): CodeIgniter\CodeIgniter->handleRequest(null, Object(Config\Cache), false)
 8 SYSTEMPATH/Boot.php(417): CodeIgniter\CodeIgniter->run()
 9 SYSTEMPATH/Boot.php(68): CodeIgniter\Boot::runCodeIgniter(Object(CodeIgniter\CodeIgniter))
10 FCPATH/index.php(59): CodeIgniter\Boot::bootWeb(Object(Config\Paths))
CRITICAL - 2026-05-11 11:23:06 --> [Caused by] mysqli_sql_exception: Table 'commejaime.inscriptionprogramme' doesn't exist
in SYSTEMPATH/Database/MySQLi/Connection.php on line 300.
 1 SYSTEMPATH/Database/MySQLi/Connection.php(300): mysqli->query('SELECT `p`.`id`, `p`.`nom`, `p`.`nombreJour`, `p`.`poids`, `p`.`objId`
FROM `inscriptionProgramme` `ip`
JOIN `programme` `p` ON `p`.`id` = `ip`.`programmeId`
WHERE `ip`.`userId` = \'4\'', 0)
 2 SYSTEMPATH/Database/BaseConnection.php(910): CodeIgniter\Database\MySQLi\Connection->execute('SELECT `p`.`id`, `p`.`nom`, `p`.`nombreJour`, `p`.`poids`, `p`.`objId`
FROM `inscriptionProgramme` `ip`
JOIN `programme` `p` ON `p`.`id` = `ip`.`programmeId`
WHERE `ip`.`userId` = \'4\'')
 3 SYSTEMPATH/Database/BaseConnection.php(827): CodeIgniter\Database\BaseConnection->simpleQuery('SELECT `p`.`id`, `p`.`nom`, `p`.`nombreJour`, `p`.`poids`, `p`.`objId`
FROM `inscriptionProgramme` `ip`
JOIN `programme` `p` ON `p`.`id` = `ip`.`programmeId`
WHERE `ip`.`userId` = \'4\'')
 4 SYSTEMPATH/Database/BaseBuilder.php(1649): CodeIgniter\Database\BaseConnection->query('SELECT `p`.`id`, `p`.`nom`, `p`.`nombreJour`, `p`.`poids`, `p`.`objId`
FROM `inscriptionProgramme` `ip`
JOIN `programme` `p` ON `p`.`id` = `ip`.`programmeId`
WHERE `ip`.`userId` = :ip.userId:', [...], false)
 5 APPPATH/Controllers/ProfilController.php(42): CodeIgniter\Database\BaseBuilder->get()
 6 SYSTEMPATH/CodeIgniter.php(951): App\Controllers\ProfilController->index()
 7 SYSTEMPATH/CodeIgniter.php(497): CodeIgniter\CodeIgniter->runController(Object(App\Controllers\ProfilController))
 8 SYSTEMPATH/CodeIgniter.php(340): CodeIgniter\CodeIgniter->handleRequest(null, Object(Config\Cache), false)
 9 SYSTEMPATH/Boot.php(417): CodeIgniter\CodeIgniter->run()
10 SYSTEMPATH/Boot.php(68): CodeIgniter\Boot::runCodeIgniter(Object(CodeIgniter\CodeIgniter))
11 FCPATH/index.php(59): CodeIgniter\Boot::bootWeb(Object(Config\Paths))
ERROR - 2026-05-11 11:23:33 --> Table 'commejaime.inscriptionprogramme' doesn't exist
in SYSTEMPATH/Database/MySQLi/Connection.php on line 300.
 1 SYSTEMPATH/Database/MySQLi/Connection.php(300): mysqli->query('SELECT `p`.`id`, `p`.`nom`, `p`.`nombreJour`, `p`.`poids`, `p`.`objId`
FROM `inscriptionProgramme` `ip`
JOIN `programme` `p` ON `p`.`id` = `ip`.`programmeId`
WHERE `ip`.`userId` = \'4\'', 0)
 2 SYSTEMPATH/Database/BaseConnection.php(910): CodeIgniter\Database\MySQLi\Connection->execute('SELECT `p`.`id`, `p`.`nom`, `p`.`nombreJour`, `p`.`poids`, `p`.`objId`
FROM `inscriptionProgramme` `ip`
JOIN `programme` `p` ON `p`.`id` = `ip`.`programmeId`
WHERE `ip`.`userId` = \'4\'')
 3 SYSTEMPATH/Database/BaseConnection.php(827): CodeIgniter\Database\BaseConnection->simpleQuery('SELECT `p`.`id`, `p`.`nom`, `p`.`nombreJour`, `p`.`poids`, `p`.`objId`
FROM `inscriptionProgramme` `ip`
JOIN `programme` `p` ON `p`.`id` = `ip`.`programmeId`
WHERE `ip`.`userId` = \'4\'')
 4 SYSTEMPATH/Database/BaseBuilder.php(1649): CodeIgniter\Database\BaseConnection->query('SELECT `p`.`id`, `p`.`nom`, `p`.`nombreJour`, `p`.`poids`, `p`.`objId`
FROM `inscriptionProgramme` `ip`
JOIN `programme` `p` ON `p`.`id` = `ip`.`programmeId`
WHERE `ip`.`userId` = :ip.userId:', [...], false)
 5 APPPATH/Controllers/ProfilController.php(42): CodeIgniter\Database\BaseBuilder->get()
 6 SYSTEMPATH/CodeIgniter.php(951): App\Controllers\ProfilController->index()
 7 SYSTEMPATH/CodeIgniter.php(497): CodeIgniter\CodeIgniter->runController(Object(App\Controllers\ProfilController))
 8 SYSTEMPATH/CodeIgniter.php(340): CodeIgniter\CodeIgniter->handleRequest(null, Object(Config\Cache), false)
 9 SYSTEMPATH/Boot.php(417): CodeIgniter\CodeIgniter->run()
10 SYSTEMPATH/Boot.php(68): CodeIgniter\Boot::runCodeIgniter(Object(CodeIgniter\CodeIgniter))
11 FCPATH/index.php(59): CodeIgniter\Boot::bootWeb(Object(Config\Paths))
CRITICAL - 2026-05-11 11:23:33 --> CodeIgniter\Database\Exceptions\DatabaseException: Table 'commejaime.inscriptionprogramme' doesn't exist
[Method: GET, Route: profil]
in SYSTEMPATH/Database/BaseConnection.php on line 865.
 1 SYSTEMPATH/Database/BaseBuilder.php(1649): CodeIgniter\Database\BaseConnection->query('SELECT `p`.`id`, `p`.`nom`, `p`.`nombreJour`, `p`.`poids`, `p`.`objId`
FROM `inscriptionProgramme` `ip`
JOIN `programme` `p` ON `p`.`id` = `ip`.`programmeId`
WHERE `ip`.`userId` = :ip.userId:', [...], false)
 2 APPPATH/Controllers/ProfilController.php(42): CodeIgniter\Database\BaseBuilder->get()
 3 SYSTEMPATH/CodeIgniter.php(951): App\Controllers\ProfilController->index()
 4 SYSTEMPATH/CodeIgniter.php(497): CodeIgniter\CodeIgniter->runController(Object(App\Controllers\ProfilController))
 5 SYSTEMPATH/CodeIgniter.php(340): CodeIgniter\CodeIgniter->handleRequest(null, Object(Config\Cache), false)
 6 SYSTEMPATH/Boot.php(417): CodeIgniter\CodeIgniter->run()
 7 SYSTEMPATH/Boot.php(68): CodeIgniter\Boot::runCodeIgniter(Object(CodeIgniter\CodeIgniter))
 8 FCPATH/index.php(59): CodeIgniter\Boot::bootWeb(Object(Config\Paths))
CRITICAL - 2026-05-11 11:23:33 --> [Caused by] CodeIgniter\Database\Exceptions\DatabaseException: Table 'commejaime.inscriptionprogramme' doesn't exist
in SYSTEMPATH/Database/MySQLi/Connection.php on line 310.
 1 SYSTEMPATH/Database/BaseConnection.php(910): CodeIgniter\Database\MySQLi\Connection->execute('SELECT `p`.`id`, `p`.`nom`, `p`.`nombreJour`, `p`.`poids`, `p`.`objId`
FROM `inscriptionProgramme` `ip`
JOIN `programme` `p` ON `p`.`id` = `ip`.`programmeId`
WHERE `ip`.`userId` = \'4\'')
 2 SYSTEMPATH/Database/BaseConnection.php(827): CodeIgniter\Database\BaseConnection->simpleQuery('SELECT `p`.`id`, `p`.`nom`, `p`.`nombreJour`, `p`.`poids`, `p`.`objId`
FROM `inscriptionProgramme` `ip`
JOIN `programme` `p` ON `p`.`id` = `ip`.`programmeId`
WHERE `ip`.`userId` = \'4\'')
 3 SYSTEMPATH/Database/BaseBuilder.php(1649): CodeIgniter\Database\BaseConnection->query('SELECT `p`.`id`, `p`.`nom`, `p`.`nombreJour`, `p`.`poids`, `p`.`objId`
FROM `inscriptionProgramme` `ip`
JOIN `programme` `p` ON `p`.`id` = `ip`.`programmeId`
WHERE `ip`.`userId` = :ip.userId:', [...], false)
 4 APPPATH/Controllers/ProfilController.php(42): CodeIgniter\Database\BaseBuilder->get()
 5 SYSTEMPATH/CodeIgniter.php(951): App\Controllers\ProfilController->index()
 6 SYSTEMPATH/CodeIgniter.php(497): CodeIgniter\CodeIgniter->runController(Object(App\Controllers\ProfilController))
 7 SYSTEMPATH/CodeIgniter.php(340): CodeIgniter\CodeIgniter->handleRequest(null, Object(Config\Cache), false)
 8 SYSTEMPATH/Boot.php(417): CodeIgniter\CodeIgniter->run()
 9 SYSTEMPATH/Boot.php(68): CodeIgniter\Boot::runCodeIgniter(Object(CodeIgniter\CodeIgniter))
10 FCPATH/index.php(59): CodeIgniter\Boot::bootWeb(Object(Config\Paths))
CRITICAL - 2026-05-11 11:23:33 --> [Caused by] mysqli_sql_exception: Table 'commejaime.inscriptionprogramme' doesn't exist
in SYSTEMPATH/Database/MySQLi/Connection.php on line 300.
 1 SYSTEMPATH/Database/MySQLi/Connection.php(300): mysqli->query('SELECT `p`.`id`, `p`.`nom`, `p`.`nombreJour`, `p`.`poids`, `p`.`objId`
FROM `inscriptionProgramme` `ip`
JOIN `programme` `p` ON `p`.`id` = `ip`.`programmeId`
WHERE `ip`.`userId` = \'4\'', 0)
 2 SYSTEMPATH/Database/BaseConnection.php(910): CodeIgniter\Database\MySQLi\Connection->execute('SELECT `p`.`id`, `p`.`nom`, `p`.`nombreJour`, `p`.`poids`, `p`.`objId`
FROM `inscriptionProgramme` `ip`
JOIN `programme` `p` ON `p`.`id` = `ip`.`programmeId`
WHERE `ip`.`userId` = \'4\'')
 3 SYSTEMPATH/Database/BaseConnection.php(827): CodeIgniter\Database\BaseConnection->simpleQuery('SELECT `p`.`id`, `p`.`nom`, `p`.`nombreJour`, `p`.`poids`, `p`.`objId`
FROM `inscriptionProgramme` `ip`
JOIN `programme` `p` ON `p`.`id` = `ip`.`programmeId`
WHERE `ip`.`userId` = \'4\'')
 4 SYSTEMPATH/Database/BaseBuilder.php(1649): CodeIgniter\Database\BaseConnection->query('SELECT `p`.`id`, `p`.`nom`, `p`.`nombreJour`, `p`.`poids`, `p`.`objId`
FROM `inscriptionProgramme` `ip`
JOIN `programme` `p` ON `p`.`id` = `ip`.`programmeId`
WHERE `ip`.`userId` = :ip.userId:', [...], false)
 5 APPPATH/Controllers/ProfilController.php(42): CodeIgniter\Database\BaseBuilder->get()
 6 SYSTEMPATH/CodeIgniter.php(951): App\Controllers\ProfilController->index()
 7 SYSTEMPATH/CodeIgniter.php(497): CodeIgniter\CodeIgniter->runController(Object(App\Controllers\ProfilController))
 8 SYSTEMPATH/CodeIgniter.php(340): CodeIgniter\CodeIgniter->handleRequest(null, Object(Config\Cache), false)
 9 SYSTEMPATH/Boot.php(417): CodeIgniter\CodeIgniter->run()
10 SYSTEMPATH/Boot.php(68): CodeIgniter\Boot::runCodeIgniter(Object(CodeIgniter\CodeIgniter))
11 FCPATH/index.php(59): CodeIgniter\Boot::bootWeb(Object(Config\Paths))
ERROR - 2026-05-11 11:24:14 --> Table 'commejaime.inscriptionprogramme' doesn't exist
in SYSTEMPATH/Database/MySQLi/Connection.php on line 300.
 1 SYSTEMPATH/Database/MySQLi/Connection.php(300): mysqli->query('SELECT `p`.`id`, `p`.`nom`, `p`.`nombreJour`, `p`.`poids`, `p`.`objId`
FROM `inscriptionProgramme` `ip`
JOIN `programme` `p` ON `p`.`id` = `ip`.`programmeId`
WHERE `ip`.`userId` = \'4\'', 0)
 2 SYSTEMPATH/Database/BaseConnection.php(910): CodeIgniter\Database\MySQLi\Connection->execute('SELECT `p`.`id`, `p`.`nom`, `p`.`nombreJour`, `p`.`poids`, `p`.`objId`
FROM `inscriptionProgramme` `ip`
JOIN `programme` `p` ON `p`.`id` = `ip`.`programmeId`
WHERE `ip`.`userId` = \'4\'')
 3 SYSTEMPATH/Database/BaseConnection.php(827): CodeIgniter\Database\BaseConnection->simpleQuery('SELECT `p`.`id`, `p`.`nom`, `p`.`nombreJour`, `p`.`poids`, `p`.`objId`
FROM `inscriptionProgramme` `ip`
JOIN `programme` `p` ON `p`.`id` = `ip`.`programmeId`
WHERE `ip`.`userId` = \'4\'')
 4 SYSTEMPATH/Database/BaseBuilder.php(1649): CodeIgniter\Database\BaseConnection->query('SELECT `p`.`id`, `p`.`nom`, `p`.`nombreJour`, `p`.`poids`, `p`.`objId`
FROM `inscriptionProgramme` `ip`
JOIN `programme` `p` ON `p`.`id` = `ip`.`programmeId`
WHERE `ip`.`userId` = :ip.userId:', [...], false)
 5 APPPATH/Controllers/ProfilController.php(42): CodeIgniter\Database\BaseBuilder->get()
 6 SYSTEMPATH/CodeIgniter.php(951): App\Controllers\ProfilController->index()
 7 SYSTEMPATH/CodeIgniter.php(497): CodeIgniter\CodeIgniter->runController(Object(App\Controllers\ProfilController))
 8 SYSTEMPATH/CodeIgniter.php(340): CodeIgniter\CodeIgniter->handleRequest(null, Object(Config\Cache), false)
 9 SYSTEMPATH/Boot.php(417): CodeIgniter\CodeIgniter->run()
10 SYSTEMPATH/Boot.php(68): CodeIgniter\Boot::runCodeIgniter(Object(CodeIgniter\CodeIgniter))
11 FCPATH/index.php(59): CodeIgniter\Boot::bootWeb(Object(Config\Paths))
CRITICAL - 2026-05-11 11:24:14 --> CodeIgniter\Database\Exceptions\DatabaseException: Table 'commejaime.inscriptionprogramme' doesn't exist
[Method: GET, Route: profil]
in SYSTEMPATH/Database/BaseConnection.php on line 865.
 1 SYSTEMPATH/Database/BaseBuilder.php(1649): CodeIgniter\Database\BaseConnection->query('SELECT `p`.`id`, `p`.`nom`, `p`.`nombreJour`, `p`.`poids`, `p`.`objId`
FROM `inscriptionProgramme` `ip`
JOIN `programme` `p` ON `p`.`id` = `ip`.`programmeId`
WHERE `ip`.`userId` = :ip.userId:', [...], false)
 2 APPPATH/Controllers/ProfilController.php(42): CodeIgniter\Database\BaseBuilder->get()
 3 SYSTEMPATH/CodeIgniter.php(951): App\Controllers\ProfilController->index()
 4 SYSTEMPATH/CodeIgniter.php(497): CodeIgniter\CodeIgniter->runController(Object(App\Controllers\ProfilController))
 5 SYSTEMPATH/CodeIgniter.php(340): CodeIgniter\CodeIgniter->handleRequest(null, Object(Config\Cache), false)
 6 SYSTEMPATH/Boot.php(417): CodeIgniter\CodeIgniter->run()
 7 SYSTEMPATH/Boot.php(68): CodeIgniter\Boot::runCodeIgniter(Object(CodeIgniter\CodeIgniter))
 8 FCPATH/index.php(59): CodeIgniter\Boot::bootWeb(Object(Config\Paths))
CRITICAL - 2026-05-11 11:24:14 --> [Caused by] CodeIgniter\Database\Exceptions\DatabaseException: Table 'commejaime.inscriptionprogramme' doesn't exist
in SYSTEMPATH/Database/MySQLi/Connection.php on line 310.
 1 SYSTEMPATH/Database/BaseConnection.php(910): CodeIgniter\Database\MySQLi\Connection->execute('SELECT `p`.`id`, `p`.`nom`, `p`.`nombreJour`, `p`.`poids`, `p`.`objId`
FROM `inscriptionProgramme` `ip`
JOIN `programme` `p` ON `p`.`id` = `ip`.`programmeId`
WHERE `ip`.`userId` = \'4\'')
 2 SYSTEMPATH/Database/BaseConnection.php(827): CodeIgniter\Database\BaseConnection->simpleQuery('SELECT `p`.`id`, `p`.`nom`, `p`.`nombreJour`, `p`.`poids`, `p`.`objId`
FROM `inscriptionProgramme` `ip`
JOIN `programme` `p` ON `p`.`id` = `ip`.`programmeId`
WHERE `ip`.`userId` = \'4\'')
 3 SYSTEMPATH/Database/BaseBuilder.php(1649): CodeIgniter\Database\BaseConnection->query('SELECT `p`.`id`, `p`.`nom`, `p`.`nombreJour`, `p`.`poids`, `p`.`objId`
FROM `inscriptionProgramme` `ip`
JOIN `programme` `p` ON `p`.`id` = `ip`.`programmeId`
WHERE `ip`.`userId` = :ip.userId:', [...], false)
 4 APPPATH/Controllers/ProfilController.php(42): CodeIgniter\Database\BaseBuilder->get()
 5 SYSTEMPATH/CodeIgniter.php(951): App\Controllers\ProfilController->index()
 6 SYSTEMPATH/CodeIgniter.php(497): CodeIgniter\CodeIgniter->runController(Object(App\Controllers\ProfilController))
 7 SYSTEMPATH/CodeIgniter.php(340): CodeIgniter\CodeIgniter->handleRequest(null, Object(Config\Cache), false)
 8 SYSTEMPATH/Boot.php(417): CodeIgniter\CodeIgniter->run()
 9 SYSTEMPATH/Boot.php(68): CodeIgniter\Boot::runCodeIgniter(Object(CodeIgniter\CodeIgniter))
10 FCPATH/index.php(59): CodeIgniter\Boot::bootWeb(Object(Config\Paths))
CRITICAL - 2026-05-11 11:24:14 --> [Caused by] mysqli_sql_exception: Table 'commejaime.inscriptionprogramme' doesn't exist
in SYSTEMPATH/Database/MySQLi/Connection.php on line 300.
 1 SYSTEMPATH/Database/MySQLi/Connection.php(300): mysqli->query('SELECT `p`.`id`, `p`.`nom`, `p`.`nombreJour`, `p`.`poids`, `p`.`objId`
FROM `inscriptionProgramme` `ip`
JOIN `programme` `p` ON `p`.`id` = `ip`.`programmeId`
WHERE `ip`.`userId` = \'4\'', 0)
 2 SYSTEMPATH/Database/BaseConnection.php(910): CodeIgniter\Database\MySQLi\Connection->execute('SELECT `p`.`id`, `p`.`nom`, `p`.`nombreJour`, `p`.`poids`, `p`.`objId`
FROM `inscriptionProgramme` `ip`
JOIN `programme` `p` ON `p`.`id` = `ip`.`programmeId`
WHERE `ip`.`userId` = \'4\'')
 3 SYSTEMPATH/Database/BaseConnection.php(827): CodeIgniter\Database\BaseConnection->simpleQuery('SELECT `p`.`id`, `p`.`nom`, `p`.`nombreJour`, `p`.`poids`, `p`.`objId`
FROM `inscriptionProgramme` `ip`
JOIN `programme` `p` ON `p`.`id` = `ip`.`programmeId`
WHERE `ip`.`userId` = \'4\'')
 4 SYSTEMPATH/Database/BaseBuilder.php(1649): CodeIgniter\Database\BaseConnection->query('SELECT `p`.`id`, `p`.`nom`, `p`.`nombreJour`, `p`.`poids`, `p`.`objId`
FROM `inscriptionProgramme` `ip`
JOIN `programme` `p` ON `p`.`id` = `ip`.`programmeId`
WHERE `ip`.`userId` = :ip.userId:', [...], false)
 5 APPPATH/Controllers/ProfilController.php(42): CodeIgniter\Database\BaseBuilder->get()
 6 SYSTEMPATH/CodeIgniter.php(951): App\Controllers\ProfilController->index()
 7 SYSTEMPATH/CodeIgniter.php(497): CodeIgniter\CodeIgniter->runController(Object(App\Controllers\ProfilController))
 8 SYSTEMPATH/CodeIgniter.php(340): CodeIgniter\CodeIgniter->handleRequest(null, Object(Config\Cache), false)
 9 SYSTEMPATH/Boot.php(417): CodeIgniter\CodeIgniter->run()
10 SYSTEMPATH/Boot.php(68): CodeIgniter\Boot::runCodeIgniter(Object(CodeIgniter\CodeIgniter))
11 FCPATH/index.php(59): CodeIgniter\Boot::bootWeb(Object(Config\Paths))
ERROR - 2026-05-11 11:25:36 --> Table 'commejaime.inscriptionprogramme' doesn't exist
in SYSTEMPATH/Database/MySQLi/Connection.php on line 300.
 1 SYSTEMPATH/Database/MySQLi/Connection.php(300): mysqli->query('SELECT *
FROM `inscriptionProgramme`
WHERE `userId` = \'4\'
AND `programmeId` = \'1\'
 LIMIT 1', 0)
 2 SYSTEMPATH/Database/BaseConnection.php(910): CodeIgniter\Database\MySQLi\Connection->execute('SELECT *
FROM `inscriptionProgramme`
WHERE `userId` = \'4\'
AND `programmeId` = \'1\'
 LIMIT 1')
 3 SYSTEMPATH/Database/BaseConnection.php(827): CodeIgniter\Database\BaseConnection->simpleQuery('SELECT *
FROM `inscriptionProgramme`
WHERE `userId` = \'4\'
AND `programmeId` = \'1\'
 LIMIT 1')
 4 SYSTEMPATH/Database/BaseBuilder.php(1649): CodeIgniter\Database\BaseConnection->query('SELECT *
FROM `inscriptionProgramme`
WHERE `userId` = :userId:
AND `programmeId` = :programmeId:
 LIMIT 1', [...], false)
 5 SYSTEMPATH/Model.php(295): CodeIgniter\Database\BaseBuilder->get()
 6 SYSTEMPATH/BaseModel.php(714): CodeIgniter\Model->doFirst()
 7 APPPATH/Controllers/ProgrammeController.php(234): CodeIgniter\BaseModel->first()
 8 SYSTEMPATH/CodeIgniter.php(951): App\Controllers\ProgrammeController->detail('1')
 9 SYSTEMPATH/CodeIgniter.php(497): CodeIgniter\CodeIgniter->runController(Object(App\Controllers\ProgrammeController))
10 SYSTEMPATH/CodeIgniter.php(340): CodeIgniter\CodeIgniter->handleRequest(null, Object(Config\Cache), false)
11 SYSTEMPATH/Boot.php(417): CodeIgniter\CodeIgniter->run()
12 SYSTEMPATH/Boot.php(68): CodeIgniter\Boot::runCodeIgniter(Object(CodeIgniter\CodeIgniter))
13 FCPATH/index.php(59): CodeIgniter\Boot::bootWeb(Object(Config\Paths))
CRITICAL - 2026-05-11 11:25:36 --> CodeIgniter\Database\Exceptions\DatabaseException: Table 'commejaime.inscriptionprogramme' doesn't exist
[Method: GET, Route: program/detail/1]
in SYSTEMPATH/Database/BaseConnection.php on line 865.
 1 SYSTEMPATH/Database/BaseBuilder.php(1649): CodeIgniter\Database\BaseConnection->query('SELECT *
FROM `inscriptionProgramme`
WHERE `userId` = :userId:
AND `programmeId` = :programmeId:
 LIMIT 1', [...], false)
 2 SYSTEMPATH/Model.php(295): CodeIgniter\Database\BaseBuilder->get()
 3 SYSTEMPATH/BaseModel.php(714): CodeIgniter\Model->doFirst()
 4 APPPATH/Controllers/ProgrammeController.php(234): CodeIgniter\BaseModel->first()
 5 SYSTEMPATH/CodeIgniter.php(951): App\Controllers\ProgrammeController->detail('1')
 6 SYSTEMPATH/CodeIgniter.php(497): CodeIgniter\CodeIgniter->runController(Object(App\Controllers\ProgrammeController))
 7 SYSTEMPATH/CodeIgniter.php(340): CodeIgniter\CodeIgniter->handleRequest(null, Object(Config\Cache), false)
 8 SYSTEMPATH/Boot.php(417): CodeIgniter\CodeIgniter->run()
 9 SYSTEMPATH/Boot.php(68): CodeIgniter\Boot::runCodeIgniter(Object(CodeIgniter\CodeIgniter))
10 FCPATH/index.php(59): CodeIgniter\Boot::bootWeb(Object(Config\Paths))
CRITICAL - 2026-05-11 11:25:36 --> [Caused by] CodeIgniter\Database\Exceptions\DatabaseException: Table 'commejaime.inscriptionprogramme' doesn't exist
in SYSTEMPATH/Database/MySQLi/Connection.php on line 310.
 1 SYSTEMPATH/Database/BaseConnection.php(910): CodeIgniter\Database\MySQLi\Connection->execute('SELECT *
FROM `inscriptionProgramme`
WHERE `userId` = \'4\'
AND `programmeId` = \'1\'
 LIMIT 1')
 2 SYSTEMPATH/Database/BaseConnection.php(827): CodeIgniter\Database\BaseConnection->simpleQuery('SELECT *
FROM `inscriptionProgramme`
WHERE `userId` = \'4\'
AND `programmeId` = \'1\'
 LIMIT 1')
 3 SYSTEMPATH/Database/BaseBuilder.php(1649): CodeIgniter\Database\BaseConnection->query('SELECT *
FROM `inscriptionProgramme`
WHERE `userId` = :userId:
AND `programmeId` = :programmeId:
 LIMIT 1', [...], false)
 4 SYSTEMPATH/Model.php(295): CodeIgniter\Database\BaseBuilder->get()
 5 SYSTEMPATH/BaseModel.php(714): CodeIgniter\Model->doFirst()
 6 APPPATH/Controllers/ProgrammeController.php(234): CodeIgniter\BaseModel->first()
 7 SYSTEMPATH/CodeIgniter.php(951): App\Controllers\ProgrammeController->detail('1')
 8 SYSTEMPATH/CodeIgniter.php(497): CodeIgniter\CodeIgniter->runController(Object(App\Controllers\ProgrammeController))
 9 SYSTEMPATH/CodeIgniter.php(340): CodeIgniter\CodeIgniter->handleRequest(null, Object(Config\Cache), false)
10 SYSTEMPATH/Boot.php(417): CodeIgniter\CodeIgniter->run()
11 SYSTEMPATH/Boot.php(68): CodeIgniter\Boot::runCodeIgniter(Object(CodeIgniter\CodeIgniter))
12 FCPATH/index.php(59): CodeIgniter\Boot::bootWeb(Object(Config\Paths))
CRITICAL - 2026-05-11 11:25:36 --> [Caused by] mysqli_sql_exception: Table 'commejaime.inscriptionprogramme' doesn't exist
in SYSTEMPATH/Database/MySQLi/Connection.php on line 300.
 1 SYSTEMPATH/Database/MySQLi/Connection.php(300): mysqli->query('SELECT *
FROM `inscriptionProgramme`
WHERE `userId` = \'4\'
AND `programmeId` = \'1\'
 LIMIT 1', 0)
 2 SYSTEMPATH/Database/BaseConnection.php(910): CodeIgniter\Database\MySQLi\Connection->execute('SELECT *
FROM `inscriptionProgramme`
WHERE `userId` = \'4\'
AND `programmeId` = \'1\'
 LIMIT 1')
 3 SYSTEMPATH/Database/BaseConnection.php(827): CodeIgniter\Database\BaseConnection->simpleQuery('SELECT *
FROM `inscriptionProgramme`
WHERE `userId` = \'4\'
AND `programmeId` = \'1\'
 LIMIT 1')
 4 SYSTEMPATH/Database/BaseBuilder.php(1649): CodeIgniter\Database\BaseConnection->query('SELECT *
FROM `inscriptionProgramme`
WHERE `userId` = :userId:
AND `programmeId` = :programmeId:
 LIMIT 1', [...], false)
 5 SYSTEMPATH/Model.php(295): CodeIgniter\Database\BaseBuilder->get()
 6 SYSTEMPATH/BaseModel.php(714): CodeIgniter\Model->doFirst()
 7 APPPATH/Controllers/ProgrammeController.php(234): CodeIgniter\BaseModel->first()
 8 SYSTEMPATH/CodeIgniter.php(951): App\Controllers\ProgrammeController->detail('1')
 9 SYSTEMPATH/CodeIgniter.php(497): CodeIgniter\CodeIgniter->runController(Object(App\Controllers\ProgrammeController))
10 SYSTEMPATH/CodeIgniter.php(340): CodeIgniter\CodeIgniter->handleRequest(null, Object(Config\Cache), false)
11 SYSTEMPATH/Boot.php(417): CodeIgniter\CodeIgniter->run()
12 SYSTEMPATH/Boot.php(68): CodeIgniter\Boot::runCodeIgniter(Object(CodeIgniter\CodeIgniter))
13 FCPATH/index.php(59): CodeIgniter\Boot::bootWeb(Object(Config\Paths))
ERROR - 2026-05-11 11:36:36 --> Table 'commejaime.inscriptionprogramme' doesn't exist
in SYSTEMPATH/Database/MySQLi/Connection.php on line 300.
 1 SYSTEMPATH/Database/MySQLi/Connection.php(300): mysqli->query('SELECT `p`.`id`, `p`.`nom`, `p`.`nombreJour`, `p`.`poids`, `p`.`objId`
FROM `inscriptionProgramme` `ip`
JOIN `programme` `p` ON `p`.`id` = `ip`.`programmeId`
WHERE `ip`.`userId` = \'4\'', 0)
 2 SYSTEMPATH/Database/BaseConnection.php(910): CodeIgniter\Database\MySQLi\Connection->execute('SELECT `p`.`id`, `p`.`nom`, `p`.`nombreJour`, `p`.`poids`, `p`.`objId`
FROM `inscriptionProgramme` `ip`
JOIN `programme` `p` ON `p`.`id` = `ip`.`programmeId`
WHERE `ip`.`userId` = \'4\'')
 3 SYSTEMPATH/Database/BaseConnection.php(827): CodeIgniter\Database\BaseConnection->simpleQuery('SELECT `p`.`id`, `p`.`nom`, `p`.`nombreJour`, `p`.`poids`, `p`.`objId`
FROM `inscriptionProgramme` `ip`
JOIN `programme` `p` ON `p`.`id` = `ip`.`programmeId`
WHERE `ip`.`userId` = \'4\'')
 4 SYSTEMPATH/Database/BaseBuilder.php(1649): CodeIgniter\Database\BaseConnection->query('SELECT `p`.`id`, `p`.`nom`, `p`.`nombreJour`, `p`.`poids`, `p`.`objId`
FROM `inscriptionProgramme` `ip`
JOIN `programme` `p` ON `p`.`id` = `ip`.`programmeId`
WHERE `ip`.`userId` = :ip.userId:', [...], false)
 5 APPPATH/Controllers/ProfilController.php(42): CodeIgniter\Database\BaseBuilder->get()
 6 SYSTEMPATH/CodeIgniter.php(951): App\Controllers\ProfilController->index()
 7 SYSTEMPATH/CodeIgniter.php(497): CodeIgniter\CodeIgniter->runController(Object(App\Controllers\ProfilController))
 8 SYSTEMPATH/CodeIgniter.php(340): CodeIgniter\CodeIgniter->handleRequest(null, Object(Config\Cache), false)
 9 SYSTEMPATH/Boot.php(417): CodeIgniter\CodeIgniter->run()
10 SYSTEMPATH/Boot.php(68): CodeIgniter\Boot::runCodeIgniter(Object(CodeIgniter\CodeIgniter))
11 FCPATH/index.php(59): CodeIgniter\Boot::bootWeb(Object(Config\Paths))
CRITICAL - 2026-05-11 11:36:36 --> CodeIgniter\Database\Exceptions\DatabaseException: Table 'commejaime.inscriptionprogramme' doesn't exist
[Method: GET, Route: profil]
in SYSTEMPATH/Database/BaseConnection.php on line 865.
 1 SYSTEMPATH/Database/BaseBuilder.php(1649): CodeIgniter\Database\BaseConnection->query('SELECT `p`.`id`, `p`.`nom`, `p`.`nombreJour`, `p`.`poids`, `p`.`objId`
FROM `inscriptionProgramme` `ip`
JOIN `programme` `p` ON `p`.`id` = `ip`.`programmeId`
WHERE `ip`.`userId` = :ip.userId:', [...], false)
 2 APPPATH/Controllers/ProfilController.php(42): CodeIgniter\Database\BaseBuilder->get()
 3 SYSTEMPATH/CodeIgniter.php(951): App\Controllers\ProfilController->index()
 4 SYSTEMPATH/CodeIgniter.php(497): CodeIgniter\CodeIgniter->runController(Object(App\Controllers\ProfilController))
 5 SYSTEMPATH/CodeIgniter.php(340): CodeIgniter\CodeIgniter->handleRequest(null, Object(Config\Cache), false)
 6 SYSTEMPATH/Boot.php(417): CodeIgniter\CodeIgniter->run()
 7 SYSTEMPATH/Boot.php(68): CodeIgniter\Boot::runCodeIgniter(Object(CodeIgniter\CodeIgniter))
 8 FCPATH/index.php(59): CodeIgniter\Boot::bootWeb(Object(Config\Paths))
CRITICAL - 2026-05-11 11:36:36 --> [Caused by] CodeIgniter\Database\Exceptions\DatabaseException: Table 'commejaime.inscriptionprogramme' doesn't exist
in SYSTEMPATH/Database/MySQLi/Connection.php on line 310.
 1 SYSTEMPATH/Database/BaseConnection.php(910): CodeIgniter\Database\MySQLi\Connection->execute('SELECT `p`.`id`, `p`.`nom`, `p`.`nombreJour`, `p`.`poids`, `p`.`objId`
FROM `inscriptionProgramme` `ip`
JOIN `programme` `p` ON `p`.`id` = `ip`.`programmeId`
WHERE `ip`.`userId` = \'4\'')
 2 SYSTEMPATH/Database/BaseConnection.php(827): CodeIgniter\Database\BaseConnection->simpleQuery('SELECT `p`.`id`, `p`.`nom`, `p`.`nombreJour`, `p`.`poids`, `p`.`objId`
FROM `inscriptionProgramme` `ip`
JOIN `programme` `p` ON `p`.`id` = `ip`.`programmeId`
WHERE `ip`.`userId` = \'4\'')
 3 SYSTEMPATH/Database/BaseBuilder.php(1649): CodeIgniter\Database\BaseConnection->query('SELECT `p`.`id`, `p`.`nom`, `p`.`nombreJour`, `p`.`poids`, `p`.`objId`
FROM `inscriptionProgramme` `ip`
JOIN `programme` `p` ON `p`.`id` = `ip`.`programmeId`
WHERE `ip`.`userId` = :ip.userId:', [...], false)
 4 APPPATH/Controllers/ProfilController.php(42): CodeIgniter\Database\BaseBuilder->get()
 5 SYSTEMPATH/CodeIgniter.php(951): App\Controllers\ProfilController->index()
 6 SYSTEMPATH/CodeIgniter.php(497): CodeIgniter\CodeIgniter->runController(Object(App\Controllers\ProfilController))
 7 SYSTEMPATH/CodeIgniter.php(340): CodeIgniter\CodeIgniter->handleRequest(null, Object(Config\Cache), false)
 8 SYSTEMPATH/Boot.php(417): CodeIgniter\CodeIgniter->run()
 9 SYSTEMPATH/Boot.php(68): CodeIgniter\Boot::runCodeIgniter(Object(CodeIgniter\CodeIgniter))
10 FCPATH/index.php(59): CodeIgniter\Boot::bootWeb(Object(Config\Paths))
CRITICAL - 2026-05-11 11:36:36 --> [Caused by] mysqli_sql_exception: Table 'commejaime.inscriptionprogramme' doesn't exist
in SYSTEMPATH/Database/MySQLi/Connection.php on line 300.
 1 SYSTEMPATH/Database/MySQLi/Connection.php(300): mysqli->query('SELECT `p`.`id`, `p`.`nom`, `p`.`nombreJour`, `p`.`poids`, `p`.`objId`
FROM `inscriptionProgramme` `ip`
JOIN `programme` `p` ON `p`.`id` = `ip`.`programmeId`
WHERE `ip`.`userId` = \'4\'', 0)
 2 SYSTEMPATH/Database/BaseConnection.php(910): CodeIgniter\Database\MySQLi\Connection->execute('SELECT `p`.`id`, `p`.`nom`, `p`.`nombreJour`, `p`.`poids`, `p`.`objId`
FROM `inscriptionProgramme` `ip`
JOIN `programme` `p` ON `p`.`id` = `ip`.`programmeId`
WHERE `ip`.`userId` = \'4\'')
 3 SYSTEMPATH/Database/BaseConnection.php(827): CodeIgniter\Database\BaseConnection->simpleQuery('SELECT `p`.`id`, `p`.`nom`, `p`.`nombreJour`, `p`.`poids`, `p`.`objId`
FROM `inscriptionProgramme` `ip`
JOIN `programme` `p` ON `p`.`id` = `ip`.`programmeId`
WHERE `ip`.`userId` = \'4\'')
 4 SYSTEMPATH/Database/BaseBuilder.php(1649): CodeIgniter\Database\BaseConnection->query('SELECT `p`.`id`, `p`.`nom`, `p`.`nombreJour`, `p`.`poids`, `p`.`objId`
FROM `inscriptionProgramme` `ip`
JOIN `programme` `p` ON `p`.`id` = `ip`.`programmeId`
WHERE `ip`.`userId` = :ip.userId:', [...], false)
 5 APPPATH/Controllers/ProfilController.php(42): CodeIgniter\Database\BaseBuilder->get()
 6 SYSTEMPATH/CodeIgniter.php(951): App\Controllers\ProfilController->index()
 7 SYSTEMPATH/CodeIgniter.php(497): CodeIgniter\CodeIgniter->runController(Object(App\Controllers\ProfilController))
 8 SYSTEMPATH/CodeIgniter.php(340): CodeIgniter\CodeIgniter->handleRequest(null, Object(Config\Cache), false)
 9 SYSTEMPATH/Boot.php(417): CodeIgniter\CodeIgniter->run()
10 SYSTEMPATH/Boot.php(68): CodeIgniter\Boot::runCodeIgniter(Object(CodeIgniter\CodeIgniter))
11 FCPATH/index.php(59): CodeIgniter\Boot::bootWeb(Object(Config\Paths))
ERROR - 2026-05-11 11:36:51 --> Table 'commejaime.inscriptionprogramme' doesn't exist
in SYSTEMPATH/Database/MySQLi/Connection.php on line 300.
 1 SYSTEMPATH/Database/MySQLi/Connection.php(300): mysqli->query('SELECT `p`.`id`, `p`.`nom`, `p`.`nombreJour`, `p`.`poids`, `p`.`objId`
FROM `inscriptionProgramme` `ip`
JOIN `programme` `p` ON `p`.`id` = `ip`.`programmeId`
WHERE `ip`.`userId` = \'4\'', 0)
 2 SYSTEMPATH/Database/BaseConnection.php(910): CodeIgniter\Database\MySQLi\Connection->execute('SELECT `p`.`id`, `p`.`nom`, `p`.`nombreJour`, `p`.`poids`, `p`.`objId`
FROM `inscriptionProgramme` `ip`
JOIN `programme` `p` ON `p`.`id` = `ip`.`programmeId`
WHERE `ip`.`userId` = \'4\'')
 3 SYSTEMPATH/Database/BaseConnection.php(827): CodeIgniter\Database\BaseConnection->simpleQuery('SELECT `p`.`id`, `p`.`nom`, `p`.`nombreJour`, `p`.`poids`, `p`.`objId`
FROM `inscriptionProgramme` `ip`
JOIN `programme` `p` ON `p`.`id` = `ip`.`programmeId`
WHERE `ip`.`userId` = \'4\'')
 4 SYSTEMPATH/Database/BaseBuilder.php(1649): CodeIgniter\Database\BaseConnection->query('SELECT `p`.`id`, `p`.`nom`, `p`.`nombreJour`, `p`.`poids`, `p`.`objId`
FROM `inscriptionProgramme` `ip`
JOIN `programme` `p` ON `p`.`id` = `ip`.`programmeId`
WHERE `ip`.`userId` = :ip.userId:', [...], false)
 5 APPPATH/Controllers/ProfilController.php(42): CodeIgniter\Database\BaseBuilder->get()
 6 SYSTEMPATH/CodeIgniter.php(951): App\Controllers\ProfilController->index()
 7 SYSTEMPATH/CodeIgniter.php(497): CodeIgniter\CodeIgniter->runController(Object(App\Controllers\ProfilController))
 8 SYSTEMPATH/CodeIgniter.php(340): CodeIgniter\CodeIgniter->handleRequest(null, Object(Config\Cache), false)
 9 SYSTEMPATH/Boot.php(417): CodeIgniter\CodeIgniter->run()
10 SYSTEMPATH/Boot.php(68): CodeIgniter\Boot::runCodeIgniter(Object(CodeIgniter\CodeIgniter))
11 FCPATH/index.php(59): CodeIgniter\Boot::bootWeb(Object(Config\Paths))
CRITICAL - 2026-05-11 11:36:51 --> CodeIgniter\Database\Exceptions\DatabaseException: Table 'commejaime.inscriptionprogramme' doesn't exist
[Method: GET, Route: profil]
in SYSTEMPATH/Database/BaseConnection.php on line 865.
 1 SYSTEMPATH/Database/BaseBuilder.php(1649): CodeIgniter\Database\BaseConnection->query('SELECT `p`.`id`, `p`.`nom`, `p`.`nombreJour`, `p`.`poids`, `p`.`objId`
FROM `inscriptionProgramme` `ip`
JOIN `programme` `p` ON `p`.`id` = `ip`.`programmeId`
WHERE `ip`.`userId` = :ip.userId:', [...], false)
 2 APPPATH/Controllers/ProfilController.php(42): CodeIgniter\Database\BaseBuilder->get()
 3 SYSTEMPATH/CodeIgniter.php(951): App\Controllers\ProfilController->index()
 4 SYSTEMPATH/CodeIgniter.php(497): CodeIgniter\CodeIgniter->runController(Object(App\Controllers\ProfilController))
 5 SYSTEMPATH/CodeIgniter.php(340): CodeIgniter\CodeIgniter->handleRequest(null, Object(Config\Cache), false)
 6 SYSTEMPATH/Boot.php(417): CodeIgniter\CodeIgniter->run()
 7 SYSTEMPATH/Boot.php(68): CodeIgniter\Boot::runCodeIgniter(Object(CodeIgniter\CodeIgniter))
 8 FCPATH/index.php(59): CodeIgniter\Boot::bootWeb(Object(Config\Paths))
CRITICAL - 2026-05-11 11:36:51 --> [Caused by] CodeIgniter\Database\Exceptions\DatabaseException: Table 'commejaime.inscriptionprogramme' doesn't exist
in SYSTEMPATH/Database/MySQLi/Connection.php on line 310.
 1 SYSTEMPATH/Database/BaseConnection.php(910): CodeIgniter\Database\MySQLi\Connection->execute('SELECT `p`.`id`, `p`.`nom`, `p`.`nombreJour`, `p`.`poids`, `p`.`objId`
FROM `inscriptionProgramme` `ip`
JOIN `programme` `p` ON `p`.`id` = `ip`.`programmeId`
WHERE `ip`.`userId` = \'4\'')
 2 SYSTEMPATH/Database/BaseConnection.php(827): CodeIgniter\Database\BaseConnection->simpleQuery('SELECT `p`.`id`, `p`.`nom`, `p`.`nombreJour`, `p`.`poids`, `p`.`objId`
FROM `inscriptionProgramme` `ip`
JOIN `programme` `p` ON `p`.`id` = `ip`.`programmeId`
WHERE `ip`.`userId` = \'4\'')
 3 SYSTEMPATH/Database/BaseBuilder.php(1649): CodeIgniter\Database\BaseConnection->query('SELECT `p`.`id`, `p`.`nom`, `p`.`nombreJour`, `p`.`poids`, `p`.`objId`
FROM `inscriptionProgramme` `ip`
JOIN `programme` `p` ON `p`.`id` = `ip`.`programmeId`
WHERE `ip`.`userId` = :ip.userId:', [...], false)
 4 APPPATH/Controllers/ProfilController.php(42): CodeIgniter\Database\BaseBuilder->get()
 5 SYSTEMPATH/CodeIgniter.php(951): App\Controllers\ProfilController->index()
 6 SYSTEMPATH/CodeIgniter.php(497): CodeIgniter\CodeIgniter->runController(Object(App\Controllers\ProfilController))
 7 SYSTEMPATH/CodeIgniter.php(340): CodeIgniter\CodeIgniter->handleRequest(null, Object(Config\Cache), false)
 8 SYSTEMPATH/Boot.php(417): CodeIgniter\CodeIgniter->run()
 9 SYSTEMPATH/Boot.php(68): CodeIgniter\Boot::runCodeIgniter(Object(CodeIgniter\CodeIgniter))
10 FCPATH/index.php(59): CodeIgniter\Boot::bootWeb(Object(Config\Paths))
CRITICAL - 2026-05-11 11:36:51 --> [Caused by] mysqli_sql_exception: Table 'commejaime.inscriptionprogramme' doesn't exist
in SYSTEMPATH/Database/MySQLi/Connection.php on line 300.
 1 SYSTEMPATH/Database/MySQLi/Connection.php(300): mysqli->query('SELECT `p`.`id`, `p`.`nom`, `p`.`nombreJour`, `p`.`poids`, `p`.`objId`
FROM `inscriptionProgramme` `ip`
JOIN `programme` `p` ON `p`.`id` = `ip`.`programmeId`
WHERE `ip`.`userId` = \'4\'', 0)
 2 SYSTEMPATH/Database/BaseConnection.php(910): CodeIgniter\Database\MySQLi\Connection->execute('SELECT `p`.`id`, `p`.`nom`, `p`.`nombreJour`, `p`.`poids`, `p`.`objId`
FROM `inscriptionProgramme` `ip`
JOIN `programme` `p` ON `p`.`id` = `ip`.`programmeId`
WHERE `ip`.`userId` = \'4\'')
 3 SYSTEMPATH/Database/BaseConnection.php(827): CodeIgniter\Database\BaseConnection->simpleQuery('SELECT `p`.`id`, `p`.`nom`, `p`.`nombreJour`, `p`.`poids`, `p`.`objId`
FROM `inscriptionProgramme` `ip`
JOIN `programme` `p` ON `p`.`id` = `ip`.`programmeId`
WHERE `ip`.`userId` = \'4\'')
 4 SYSTEMPATH/Database/BaseBuilder.php(1649): CodeIgniter\Database\BaseConnection->query('SELECT `p`.`id`, `p`.`nom`, `p`.`nombreJour`, `p`.`poids`, `p`.`objId`
FROM `inscriptionProgramme` `ip`
JOIN `programme` `p` ON `p`.`id` = `ip`.`programmeId`
WHERE `ip`.`userId` = :ip.userId:', [...], false)
 5 APPPATH/Controllers/ProfilController.php(42): CodeIgniter\Database\BaseBuilder->get()
 6 SYSTEMPATH/CodeIgniter.php(951): App\Controllers\ProfilController->index()
 7 SYSTEMPATH/CodeIgniter.php(497): CodeIgniter\CodeIgniter->runController(Object(App\Controllers\ProfilController))
 8 SYSTEMPATH/CodeIgniter.php(340): CodeIgniter\CodeIgniter->handleRequest(null, Object(Config\Cache), false)
 9 SYSTEMPATH/Boot.php(417): CodeIgniter\CodeIgniter->run()
10 SYSTEMPATH/Boot.php(68): CodeIgniter\Boot::runCodeIgniter(Object(CodeIgniter\CodeIgniter))
11 FCPATH/index.php(59): CodeIgniter\Boot::bootWeb(Object(Config\Paths))
ERROR - 2026-05-11 11:37:02 --> Table 'commejaime.inscriptionprogramme' doesn't exist
in SYSTEMPATH/Database/MySQLi/Connection.php on line 300.
 1 SYSTEMPATH/Database/MySQLi/Connection.php(300): mysqli->query('SELECT *
FROM `inscriptionProgramme`
WHERE `userId` = \'4\'
AND `programmeId` = \'1\'
 LIMIT 1', 0)
 2 SYSTEMPATH/Database/BaseConnection.php(910): CodeIgniter\Database\MySQLi\Connection->execute('SELECT *
FROM `inscriptionProgramme`
WHERE `userId` = \'4\'
AND `programmeId` = \'1\'
 LIMIT 1')
 3 SYSTEMPATH/Database/BaseConnection.php(827): CodeIgniter\Database\BaseConnection->simpleQuery('SELECT *
FROM `inscriptionProgramme`
WHERE `userId` = \'4\'
AND `programmeId` = \'1\'
 LIMIT 1')
 4 SYSTEMPATH/Database/BaseBuilder.php(1649): CodeIgniter\Database\BaseConnection->query('SELECT *
FROM `inscriptionProgramme`
WHERE `userId` = :userId:
AND `programmeId` = :programmeId:
 LIMIT 1', [...], false)
 5 SYSTEMPATH/Model.php(295): CodeIgniter\Database\BaseBuilder->get()
 6 SYSTEMPATH/BaseModel.php(714): CodeIgniter\Model->doFirst()
 7 APPPATH/Controllers/ProgrammeController.php(245): CodeIgniter\BaseModel->first()
 8 SYSTEMPATH/CodeIgniter.php(951): App\Controllers\ProgrammeController->detail('1')
 9 SYSTEMPATH/CodeIgniter.php(497): CodeIgniter\CodeIgniter->runController(Object(App\Controllers\ProgrammeController))
10 SYSTEMPATH/CodeIgniter.php(340): CodeIgniter\CodeIgniter->handleRequest(null, Object(Config\Cache), false)
11 SYSTEMPATH/Boot.php(417): CodeIgniter\CodeIgniter->run()
12 SYSTEMPATH/Boot.php(68): CodeIgniter\Boot::runCodeIgniter(Object(CodeIgniter\CodeIgniter))
13 FCPATH/index.php(59): CodeIgniter\Boot::bootWeb(Object(Config\Paths))
CRITICAL - 2026-05-11 11:37:02 --> CodeIgniter\Database\Exceptions\DatabaseException: Table 'commejaime.inscriptionprogramme' doesn't exist
[Method: GET, Route: program/detail/1]
in SYSTEMPATH/Database/BaseConnection.php on line 865.
 1 SYSTEMPATH/Database/BaseBuilder.php(1649): CodeIgniter\Database\BaseConnection->query('SELECT *
FROM `inscriptionProgramme`
WHERE `userId` = :userId:
AND `programmeId` = :programmeId:
 LIMIT 1', [...], false)
 2 SYSTEMPATH/Model.php(295): CodeIgniter\Database\BaseBuilder->get()
 3 SYSTEMPATH/BaseModel.php(714): CodeIgniter\Model->doFirst()
 4 APPPATH/Controllers/ProgrammeController.php(245): CodeIgniter\BaseModel->first()
 5 SYSTEMPATH/CodeIgniter.php(951): App\Controllers\ProgrammeController->detail('1')
 6 SYSTEMPATH/CodeIgniter.php(497): CodeIgniter\CodeIgniter->runController(Object(App\Controllers\ProgrammeController))
 7 SYSTEMPATH/CodeIgniter.php(340): CodeIgniter\CodeIgniter->handleRequest(null, Object(Config\Cache), false)
 8 SYSTEMPATH/Boot.php(417): CodeIgniter\CodeIgniter->run()
 9 SYSTEMPATH/Boot.php(68): CodeIgniter\Boot::runCodeIgniter(Object(CodeIgniter\CodeIgniter))
10 FCPATH/index.php(59): CodeIgniter\Boot::bootWeb(Object(Config\Paths))
CRITICAL - 2026-05-11 11:37:02 --> [Caused by] CodeIgniter\Database\Exceptions\DatabaseException: Table 'commejaime.inscriptionprogramme' doesn't exist
in SYSTEMPATH/Database/MySQLi/Connection.php on line 310.
 1 SYSTEMPATH/Database/BaseConnection.php(910): CodeIgniter\Database\MySQLi\Connection->execute('SELECT *
FROM `inscriptionProgramme`
WHERE `userId` = \'4\'
AND `programmeId` = \'1\'
 LIMIT 1')
 2 SYSTEMPATH/Database/BaseConnection.php(827): CodeIgniter\Database\BaseConnection->simpleQuery('SELECT *
FROM `inscriptionProgramme`
WHERE `userId` = \'4\'
AND `programmeId` = \'1\'
 LIMIT 1')
 3 SYSTEMPATH/Database/BaseBuilder.php(1649): CodeIgniter\Database\BaseConnection->query('SELECT *
FROM `inscriptionProgramme`
WHERE `userId` = :userId:
AND `programmeId` = :programmeId:
 LIMIT 1', [...], false)
 4 SYSTEMPATH/Model.php(295): CodeIgniter\Database\BaseBuilder->get()
 5 SYSTEMPATH/BaseModel.php(714): CodeIgniter\Model->doFirst()
 6 APPPATH/Controllers/ProgrammeController.php(245): CodeIgniter\BaseModel->first()
 7 SYSTEMPATH/CodeIgniter.php(951): App\Controllers\ProgrammeController->detail('1')
 8 SYSTEMPATH/CodeIgniter.php(497): CodeIgniter\CodeIgniter->runController(Object(App\Controllers\ProgrammeController))
 9 SYSTEMPATH/CodeIgniter.php(340): CodeIgniter\CodeIgniter->handleRequest(null, Object(Config\Cache), false)
10 SYSTEMPATH/Boot.php(417): CodeIgniter\CodeIgniter->run()
11 SYSTEMPATH/Boot.php(68): CodeIgniter\Boot::runCodeIgniter(Object(CodeIgniter\CodeIgniter))
12 FCPATH/index.php(59): CodeIgniter\Boot::bootWeb(Object(Config\Paths))
CRITICAL - 2026-05-11 11:37:02 --> [Caused by] mysqli_sql_exception: Table 'commejaime.inscriptionprogramme' doesn't exist
in SYSTEMPATH/Database/MySQLi/Connection.php on line 300.
 1 SYSTEMPATH/Database/MySQLi/Connection.php(300): mysqli->query('SELECT *
FROM `inscriptionProgramme`
WHERE `userId` = \'4\'
AND `programmeId` = \'1\'
 LIMIT 1', 0)
 2 SYSTEMPATH/Database/BaseConnection.php(910): CodeIgniter\Database\MySQLi\Connection->execute('SELECT *
FROM `inscriptionProgramme`
WHERE `userId` = \'4\'
AND `programmeId` = \'1\'
 LIMIT 1')
 3 SYSTEMPATH/Database/BaseConnection.php(827): CodeIgniter\Database\BaseConnection->simpleQuery('SELECT *
FROM `inscriptionProgramme`
WHERE `userId` = \'4\'
AND `programmeId` = \'1\'
 LIMIT 1')
 4 SYSTEMPATH/Database/BaseBuilder.php(1649): CodeIgniter\Database\BaseConnection->query('SELECT *
FROM `inscriptionProgramme`
WHERE `userId` = :userId:
AND `programmeId` = :programmeId:
 LIMIT 1', [...], false)
 5 SYSTEMPATH/Model.php(295): CodeIgniter\Database\BaseBuilder->get()
 6 SYSTEMPATH/BaseModel.php(714): CodeIgniter\Model->doFirst()
 7 APPPATH/Controllers/ProgrammeController.php(245): CodeIgniter\BaseModel->first()
 8 SYSTEMPATH/CodeIgniter.php(951): App\Controllers\ProgrammeController->detail('1')
 9 SYSTEMPATH/CodeIgniter.php(497): CodeIgniter\CodeIgniter->runController(Object(App\Controllers\ProgrammeController))
10 SYSTEMPATH/CodeIgniter.php(340): CodeIgniter\CodeIgniter->handleRequest(null, Object(Config\Cache), false)
11 SYSTEMPATH/Boot.php(417): CodeIgniter\CodeIgniter->run()
12 SYSTEMPATH/Boot.php(68): CodeIgniter\Boot::runCodeIgniter(Object(CodeIgniter\CodeIgniter))
13 FCPATH/index.php(59): CodeIgniter\Boot::bootWeb(Object(Config\Paths))
ERROR - 2026-05-11 11:46:05 --> Table 'commejaime.inscriptionprogramme' doesn't exist
in SYSTEMPATH/Database/MySQLi/Connection.php on line 300.
 1 SYSTEMPATH/Database/MySQLi/Connection.php(300): mysqli->query('SELECT *
FROM `inscriptionProgramme`
WHERE `userId` = \'4\'
AND `programmeId` = \'1\'
 LIMIT 1', 0)
 2 SYSTEMPATH/Database/BaseConnection.php(910): CodeIgniter\Database\MySQLi\Connection->execute('SELECT *
FROM `inscriptionProgramme`
WHERE `userId` = \'4\'
AND `programmeId` = \'1\'
 LIMIT 1')
 3 SYSTEMPATH/Database/BaseConnection.php(827): CodeIgniter\Database\BaseConnection->simpleQuery('SELECT *
FROM `inscriptionProgramme`
WHERE `userId` = \'4\'
AND `programmeId` = \'1\'
 LIMIT 1')
 4 SYSTEMPATH/Database/BaseBuilder.php(1649): CodeIgniter\Database\BaseConnection->query('SELECT *
FROM `inscriptionProgramme`
WHERE `userId` = :userId:
AND `programmeId` = :programmeId:
 LIMIT 1', [...], false)
 5 SYSTEMPATH/Model.php(295): CodeIgniter\Database\BaseBuilder->get()
 6 SYSTEMPATH/BaseModel.php(714): CodeIgniter\Model->doFirst()
 7 APPPATH/Controllers/ProgrammeController.php(245): CodeIgniter\BaseModel->first()
 8 SYSTEMPATH/CodeIgniter.php(951): App\Controllers\ProgrammeController->detail('1')
 9 SYSTEMPATH/CodeIgniter.php(497): CodeIgniter\CodeIgniter->runController(Object(App\Controllers\ProgrammeController))
10 SYSTEMPATH/CodeIgniter.php(340): CodeIgniter\CodeIgniter->handleRequest(null, Object(Config\Cache), false)
11 SYSTEMPATH/Boot.php(417): CodeIgniter\CodeIgniter->run()
12 SYSTEMPATH/Boot.php(68): CodeIgniter\Boot::runCodeIgniter(Object(CodeIgniter\CodeIgniter))
13 FCPATH/index.php(59): CodeIgniter\Boot::bootWeb(Object(Config\Paths))
CRITICAL - 2026-05-11 11:46:05 --> CodeIgniter\Database\Exceptions\DatabaseException: Table 'commejaime.inscriptionprogramme' doesn't exist
[Method: GET, Route: program/detail/1]
in SYSTEMPATH/Database/BaseConnection.php on line 865.
 1 SYSTEMPATH/Database/BaseBuilder.php(1649): CodeIgniter\Database\BaseConnection->query('SELECT *
FROM `inscriptionProgramme`
WHERE `userId` = :userId:
AND `programmeId` = :programmeId:
 LIMIT 1', [...], false)
 2 SYSTEMPATH/Model.php(295): CodeIgniter\Database\BaseBuilder->get()
 3 SYSTEMPATH/BaseModel.php(714): CodeIgniter\Model->doFirst()
 4 APPPATH/Controllers/ProgrammeController.php(245): CodeIgniter\BaseModel->first()
 5 SYSTEMPATH/CodeIgniter.php(951): App\Controllers\ProgrammeController->detail('1')
 6 SYSTEMPATH/CodeIgniter.php(497): CodeIgniter\CodeIgniter->runController(Object(App\Controllers\ProgrammeController))
 7 SYSTEMPATH/CodeIgniter.php(340): CodeIgniter\CodeIgniter->handleRequest(null, Object(Config\Cache), false)
 8 SYSTEMPATH/Boot.php(417): CodeIgniter\CodeIgniter->run()
 9 SYSTEMPATH/Boot.php(68): CodeIgniter\Boot::runCodeIgniter(Object(CodeIgniter\CodeIgniter))
10 FCPATH/index.php(59): CodeIgniter\Boot::bootWeb(Object(Config\Paths))
CRITICAL - 2026-05-11 11:46:05 --> [Caused by] CodeIgniter\Database\Exceptions\DatabaseException: Table 'commejaime.inscriptionprogramme' doesn't exist
in SYSTEMPATH/Database/MySQLi/Connection.php on line 310.
 1 SYSTEMPATH/Database/BaseConnection.php(910): CodeIgniter\Database\MySQLi\Connection->execute('SELECT *
FROM `inscriptionProgramme`
WHERE `userId` = \'4\'
AND `programmeId` = \'1\'
 LIMIT 1')
 2 SYSTEMPATH/Database/BaseConnection.php(827): CodeIgniter\Database\BaseConnection->simpleQuery('SELECT *
FROM `inscriptionProgramme`
WHERE `userId` = \'4\'
AND `programmeId` = \'1\'
 LIMIT 1')
 3 SYSTEMPATH/Database/BaseBuilder.php(1649): CodeIgniter\Database\BaseConnection->query('SELECT *
FROM `inscriptionProgramme`
WHERE `userId` = :userId:
AND `programmeId` = :programmeId:
 LIMIT 1', [...], false)
 4 SYSTEMPATH/Model.php(295): CodeIgniter\Database\BaseBuilder->get()
 5 SYSTEMPATH/BaseModel.php(714): CodeIgniter\Model->doFirst()
 6 APPPATH/Controllers/ProgrammeController.php(245): CodeIgniter\BaseModel->first()
 7 SYSTEMPATH/CodeIgniter.php(951): App\Controllers\ProgrammeController->detail('1')
 8 SYSTEMPATH/CodeIgniter.php(497): CodeIgniter\CodeIgniter->runController(Object(App\Controllers\ProgrammeController))
 9 SYSTEMPATH/CodeIgniter.php(340): CodeIgniter\CodeIgniter->handleRequest(null, Object(Config\Cache), false)
10 SYSTEMPATH/Boot.php(417): CodeIgniter\CodeIgniter->run()
11 SYSTEMPATH/Boot.php(68): CodeIgniter\Boot::runCodeIgniter(Object(CodeIgniter\CodeIgniter))
12 FCPATH/index.php(59): CodeIgniter\Boot::bootWeb(Object(Config\Paths))
CRITICAL - 2026-05-11 11:46:05 --> [Caused by] mysqli_sql_exception: Table 'commejaime.inscriptionprogramme' doesn't exist
in SYSTEMPATH/Database/MySQLi/Connection.php on line 300.
 1 SYSTEMPATH/Database/MySQLi/Connection.php(300): mysqli->query('SELECT *
FROM `inscriptionProgramme`
WHERE `userId` = \'4\'
AND `programmeId` = \'1\'
 LIMIT 1', 0)
 2 SYSTEMPATH/Database/BaseConnection.php(910): CodeIgniter\Database\MySQLi\Connection->execute('SELECT *
FROM `inscriptionProgramme`
WHERE `userId` = \'4\'
AND `programmeId` = \'1\'
 LIMIT 1')
 3 SYSTEMPATH/Database/BaseConnection.php(827): CodeIgniter\Database\BaseConnection->simpleQuery('SELECT *
FROM `inscriptionProgramme`
WHERE `userId` = \'4\'
AND `programmeId` = \'1\'
 LIMIT 1')
 4 SYSTEMPATH/Database/BaseBuilder.php(1649): CodeIgniter\Database\BaseConnection->query('SELECT *
FROM `inscriptionProgramme`
WHERE `userId` = :userId:
AND `programmeId` = :programmeId:
 LIMIT 1', [...], false)
 5 SYSTEMPATH/Model.php(295): CodeIgniter\Database\BaseBuilder->get()
 6 SYSTEMPATH/BaseModel.php(714): CodeIgniter\Model->doFirst()
 7 APPPATH/Controllers/ProgrammeController.php(245): CodeIgniter\BaseModel->first()
 8 SYSTEMPATH/CodeIgniter.php(951): App\Controllers\ProgrammeController->detail('1')
 9 SYSTEMPATH/CodeIgniter.php(497): CodeIgniter\CodeIgniter->runController(Object(App\Controllers\ProgrammeController))
10 SYSTEMPATH/CodeIgniter.php(340): CodeIgniter\CodeIgniter->handleRequest(null, Object(Config\Cache), false)
11 SYSTEMPATH/Boot.php(417): CodeIgniter\CodeIgniter->run()
12 SYSTEMPATH/Boot.php(68): CodeIgniter\Boot::runCodeIgniter(Object(CodeIgniter\CodeIgniter))
13 FCPATH/index.php(59): CodeIgniter\Boot::bootWeb(Object(Config\Paths))
ERROR - 2026-05-11 11:46:22 --> Table 'commejaime.inscriptionprogramme' doesn't exist
in SYSTEMPATH/Database/MySQLi/Connection.php on line 300.
 1 SYSTEMPATH/Database/MySQLi/Connection.php(300): mysqli->query('SELECT `p`.`id`, `p`.`nom`, `p`.`nombreJour`, `p`.`poids`, `p`.`objId`
FROM `inscriptionProgramme` `ip`
JOIN `programme` `p` ON `p`.`id` = `ip`.`programmeId`
WHERE `ip`.`userId` = \'4\'', 0)
 2 SYSTEMPATH/Database/BaseConnection.php(910): CodeIgniter\Database\MySQLi\Connection->execute('SELECT `p`.`id`, `p`.`nom`, `p`.`nombreJour`, `p`.`poids`, `p`.`objId`
FROM `inscriptionProgramme` `ip`
JOIN `programme` `p` ON `p`.`id` = `ip`.`programmeId`
WHERE `ip`.`userId` = \'4\'')
 3 SYSTEMPATH/Database/BaseConnection.php(827): CodeIgniter\Database\BaseConnection->simpleQuery('SELECT `p`.`id`, `p`.`nom`, `p`.`nombreJour`, `p`.`poids`, `p`.`objId`
FROM `inscriptionProgramme` `ip`
JOIN `programme` `p` ON `p`.`id` = `ip`.`programmeId`
WHERE `ip`.`userId` = \'4\'')
 4 SYSTEMPATH/Database/BaseBuilder.php(1649): CodeIgniter\Database\BaseConnection->query('SELECT `p`.`id`, `p`.`nom`, `p`.`nombreJour`, `p`.`poids`, `p`.`objId`
FROM `inscriptionProgramme` `ip`
JOIN `programme` `p` ON `p`.`id` = `ip`.`programmeId`
WHERE `ip`.`userId` = :ip.userId:', [...], false)
 5 APPPATH/Controllers/ProfilController.php(42): CodeIgniter\Database\BaseBuilder->get()
 6 SYSTEMPATH/CodeIgniter.php(951): App\Controllers\ProfilController->index()
 7 SYSTEMPATH/CodeIgniter.php(497): CodeIgniter\CodeIgniter->runController(Object(App\Controllers\ProfilController))
 8 SYSTEMPATH/CodeIgniter.php(340): CodeIgniter\CodeIgniter->handleRequest(null, Object(Config\Cache), false)
 9 SYSTEMPATH/Boot.php(417): CodeIgniter\CodeIgniter->run()
10 SYSTEMPATH/Boot.php(68): CodeIgniter\Boot::runCodeIgniter(Object(CodeIgniter\CodeIgniter))
11 FCPATH/index.php(59): CodeIgniter\Boot::bootWeb(Object(Config\Paths))
CRITICAL - 2026-05-11 11:46:22 --> CodeIgniter\Database\Exceptions\DatabaseException: Table 'commejaime.inscriptionprogramme' doesn't exist
[Method: GET, Route: profil]
in SYSTEMPATH/Database/BaseConnection.php on line 865.
 1 SYSTEMPATH/Database/BaseBuilder.php(1649): CodeIgniter\Database\BaseConnection->query('SELECT `p`.`id`, `p`.`nom`, `p`.`nombreJour`, `p`.`poids`, `p`.`objId`
FROM `inscriptionProgramme` `ip`
JOIN `programme` `p` ON `p`.`id` = `ip`.`programmeId`
WHERE `ip`.`userId` = :ip.userId:', [...], false)
 2 APPPATH/Controllers/ProfilController.php(42): CodeIgniter\Database\BaseBuilder->get()
 3 SYSTEMPATH/CodeIgniter.php(951): App\Controllers\ProfilController->index()
 4 SYSTEMPATH/CodeIgniter.php(497): CodeIgniter\CodeIgniter->runController(Object(App\Controllers\ProfilController))
 5 SYSTEMPATH/CodeIgniter.php(340): CodeIgniter\CodeIgniter->handleRequest(null, Object(Config\Cache), false)
 6 SYSTEMPATH/Boot.php(417): CodeIgniter\CodeIgniter->run()
 7 SYSTEMPATH/Boot.php(68): CodeIgniter\Boot::runCodeIgniter(Object(CodeIgniter\CodeIgniter))
 8 FCPATH/index.php(59): CodeIgniter\Boot::bootWeb(Object(Config\Paths))
CRITICAL - 2026-05-11 11:46:22 --> [Caused by] CodeIgniter\Database\Exceptions\DatabaseException: Table 'commejaime.inscriptionprogramme' doesn't exist
in SYSTEMPATH/Database/MySQLi/Connection.php on line 310.
 1 SYSTEMPATH/Database/BaseConnection.php(910): CodeIgniter\Database\MySQLi\Connection->execute('SELECT `p`.`id`, `p`.`nom`, `p`.`nombreJour`, `p`.`poids`, `p`.`objId`
FROM `inscriptionProgramme` `ip`
JOIN `programme` `p` ON `p`.`id` = `ip`.`programmeId`
WHERE `ip`.`userId` = \'4\'')
 2 SYSTEMPATH/Database/BaseConnection.php(827): CodeIgniter\Database\BaseConnection->simpleQuery('SELECT `p`.`id`, `p`.`nom`, `p`.`nombreJour`, `p`.`poids`, `p`.`objId`
FROM `inscriptionProgramme` `ip`
JOIN `programme` `p` ON `p`.`id` = `ip`.`programmeId`
WHERE `ip`.`userId` = \'4\'')
 3 SYSTEMPATH/Database/BaseBuilder.php(1649): CodeIgniter\Database\BaseConnection->query('SELECT `p`.`id`, `p`.`nom`, `p`.`nombreJour`, `p`.`poids`, `p`.`objId`
FROM `inscriptionProgramme` `ip`
JOIN `programme` `p` ON `p`.`id` = `ip`.`programmeId`
WHERE `ip`.`userId` = :ip.userId:', [...], false)
 4 APPPATH/Controllers/ProfilController.php(42): CodeIgniter\Database\BaseBuilder->get()
 5 SYSTEMPATH/CodeIgniter.php(951): App\Controllers\ProfilController->index()
 6 SYSTEMPATH/CodeIgniter.php(497): CodeIgniter\CodeIgniter->runController(Object(App\Controllers\ProfilController))
 7 SYSTEMPATH/CodeIgniter.php(340): CodeIgniter\CodeIgniter->handleRequest(null, Object(Config\Cache), false)
 8 SYSTEMPATH/Boot.php(417): CodeIgniter\CodeIgniter->run()
 9 SYSTEMPATH/Boot.php(68): CodeIgniter\Boot::runCodeIgniter(Object(CodeIgniter\CodeIgniter))
10 FCPATH/index.php(59): CodeIgniter\Boot::bootWeb(Object(Config\Paths))
CRITICAL - 2026-05-11 11:46:22 --> [Caused by] mysqli_sql_exception: Table 'commejaime.inscriptionprogramme' doesn't exist
in SYSTEMPATH/Database/MySQLi/Connection.php on line 300.
 1 SYSTEMPATH/Database/MySQLi/Connection.php(300): mysqli->query('SELECT `p`.`id`, `p`.`nom`, `p`.`nombreJour`, `p`.`poids`, `p`.`objId`
FROM `inscriptionProgramme` `ip`
JOIN `programme` `p` ON `p`.`id` = `ip`.`programmeId`
WHERE `ip`.`userId` = \'4\'', 0)
 2 SYSTEMPATH/Database/BaseConnection.php(910): CodeIgniter\Database\MySQLi\Connection->execute('SELECT `p`.`id`, `p`.`nom`, `p`.`nombreJour`, `p`.`poids`, `p`.`objId`
FROM `inscriptionProgramme` `ip`
JOIN `programme` `p` ON `p`.`id` = `ip`.`programmeId`
WHERE `ip`.`userId` = \'4\'')
 3 SYSTEMPATH/Database/BaseConnection.php(827): CodeIgniter\Database\BaseConnection->simpleQuery('SELECT `p`.`id`, `p`.`nom`, `p`.`nombreJour`, `p`.`poids`, `p`.`objId`
FROM `inscriptionProgramme` `ip`
JOIN `programme` `p` ON `p`.`id` = `ip`.`programmeId`
WHERE `ip`.`userId` = \'4\'')
 4 SYSTEMPATH/Database/BaseBuilder.php(1649): CodeIgniter\Database\BaseConnection->query('SELECT `p`.`id`, `p`.`nom`, `p`.`nombreJour`, `p`.`poids`, `p`.`objId`
FROM `inscriptionProgramme` `ip`
JOIN `programme` `p` ON `p`.`id` = `ip`.`programmeId`
WHERE `ip`.`userId` = :ip.userId:', [...], false)
 5 APPPATH/Controllers/ProfilController.php(42): CodeIgniter\Database\BaseBuilder->get()
 6 SYSTEMPATH/CodeIgniter.php(951): App\Controllers\ProfilController->index()
 7 SYSTEMPATH/CodeIgniter.php(497): CodeIgniter\CodeIgniter->runController(Object(App\Controllers\ProfilController))
 8 SYSTEMPATH/CodeIgniter.php(340): CodeIgniter\CodeIgniter->handleRequest(null, Object(Config\Cache), false)
 9 SYSTEMPATH/Boot.php(417): CodeIgniter\CodeIgniter->run()
10 SYSTEMPATH/Boot.php(68): CodeIgniter\Boot::runCodeIgniter(Object(CodeIgniter\CodeIgniter))
11 FCPATH/index.php(59): CodeIgniter\Boot::bootWeb(Object(Config\Paths))
